Archive member included to satisfy reference by file (symbol)

/usr/lib/gcc/arm-none-eabi/8.3.0/../../../../arm-none-eabi/lib/thumb/v7e-m+fp/hard/libc_nano.a(lib_a-atexit.o)
                              /usr/lib/gcc/arm-none-eabi/8.3.0/../../../../arm-none-eabi/lib/thumb/v7e-m+fp/hard/crt0.o (atexit)
/usr/lib/gcc/arm-none-eabi/8.3.0/../../../../arm-none-eabi/lib/thumb/v7e-m+fp/hard/libc_nano.a(lib_a-exit.o)
                              /usr/lib/gcc/arm-none-eabi/8.3.0/../../../../arm-none-eabi/lib/thumb/v7e-m+fp/hard/crt0.o (exit)
/usr/lib/gcc/arm-none-eabi/8.3.0/../../../../arm-none-eabi/lib/thumb/v7e-m+fp/hard/libc_nano.a(lib_a-fini.o)
                              /usr/lib/gcc/arm-none-eabi/8.3.0/../../../../arm-none-eabi/lib/thumb/v7e-m+fp/hard/crt0.o (__libc_fini_array)
/usr/lib/gcc/arm-none-eabi/8.3.0/../../../../arm-none-eabi/lib/thumb/v7e-m+fp/hard/libc_nano.a(lib_a-impure.o)
                              /usr/lib/gcc/arm-none-eabi/8.3.0/../../../../arm-none-eabi/lib/thumb/v7e-m+fp/hard/libc_nano.a(lib_a-exit.o) (_global_impure_ptr)
/usr/lib/gcc/arm-none-eabi/8.3.0/../../../../arm-none-eabi/lib/thumb/v7e-m+fp/hard/libc_nano.a(lib_a-init.o)
                              /usr/lib/gcc/arm-none-eabi/8.3.0/../../../../arm-none-eabi/lib/thumb/v7e-m+fp/hard/crt0.o (__libc_init_array)
/usr/lib/gcc/arm-none-eabi/8.3.0/../../../../arm-none-eabi/lib/thumb/v7e-m+fp/hard/libc_nano.a(lib_a-malloc.o)
                              build/usbd_cdc.o (malloc)
/usr/lib/gcc/arm-none-eabi/8.3.0/../../../../arm-none-eabi/lib/thumb/v7e-m+fp/hard/libc_nano.a(lib_a-memcmp.o)
                              build/ethernet.o (memcmp)
/usr/lib/gcc/arm-none-eabi/8.3.0/../../../../arm-none-eabi/lib/thumb/v7e-m+fp/hard/libc_nano.a(lib_a-memcpy-stub.o)
                              build/main.o (memcpy)
/usr/lib/gcc/arm-none-eabi/8.3.0/../../../../arm-none-eabi/lib/thumb/v7e-m+fp/hard/libc_nano.a(lib_a-memset.o)
                              /usr/lib/gcc/arm-none-eabi/8.3.0/../../../../arm-none-eabi/lib/thumb/v7e-m+fp/hard/crt0.o (memset)
/usr/lib/gcc/arm-none-eabi/8.3.0/../../../../arm-none-eabi/lib/thumb/v7e-m+fp/hard/libc_nano.a(lib_a-nano-freer.o)
                              /usr/lib/gcc/arm-none-eabi/8.3.0/../../../../arm-none-eabi/lib/thumb/v7e-m+fp/hard/libc_nano.a(lib_a-malloc.o) (_free_r)
/usr/lib/gcc/arm-none-eabi/8.3.0/../../../../arm-none-eabi/lib/thumb/v7e-m+fp/hard/libc_nano.a(lib_a-nano-mallocr.o)
                              /usr/lib/gcc/arm-none-eabi/8.3.0/../../../../arm-none-eabi/lib/thumb/v7e-m+fp/hard/libc_nano.a(lib_a-malloc.o) (_malloc_r)
/usr/lib/gcc/arm-none-eabi/8.3.0/../../../../arm-none-eabi/lib/thumb/v7e-m+fp/hard/libc_nano.a(lib_a-printf.o)
                              build/ethernetif.o (printf)
/usr/lib/gcc/arm-none-eabi/8.3.0/../../../../arm-none-eabi/lib/thumb/v7e-m+fp/hard/libc_nano.a(lib_a-putchar.o)
                              build/usbd_core.o (putchar)
/usr/lib/gcc/arm-none-eabi/8.3.0/../../../../arm-none-eabi/lib/thumb/v7e-m+fp/hard/libc_nano.a(lib_a-putc.o)
                              /usr/lib/gcc/arm-none-eabi/8.3.0/../../../../arm-none-eabi/lib/thumb/v7e-m+fp/hard/libc_nano.a(lib_a-putchar.o) (_putc_r)
/usr/lib/gcc/arm-none-eabi/8.3.0/../../../../arm-none-eabi/lib/thumb/v7e-m+fp/hard/libc_nano.a(lib_a-rand.o)
                              build/dhcp.o (rand)
/usr/lib/gcc/arm-none-eabi/8.3.0/../../../../arm-none-eabi/lib/thumb/v7e-m+fp/hard/libc_nano.a(lib_a-sbrkr.o)
                              /usr/lib/gcc/arm-none-eabi/8.3.0/../../../../arm-none-eabi/lib/thumb/v7e-m+fp/hard/libc_nano.a(lib_a-nano-mallocr.o) (_sbrk_r)
/usr/lib/gcc/arm-none-eabi/8.3.0/../../../../arm-none-eabi/lib/thumb/v7e-m+fp/hard/libc_nano.a(lib_a-sprintf.o)
                              build/main.o (sprintf)
/usr/lib/gcc/arm-none-eabi/8.3.0/../../../../arm-none-eabi/lib/thumb/v7e-m+fp/hard/libc_nano.a(lib_a-strlen.o)
                              build/def.o (strlen)
/usr/lib/gcc/arm-none-eabi/8.3.0/../../../../arm-none-eabi/lib/thumb/v7e-m+fp/hard/libc_nano.a(lib_a-strncmp.o)
                              build/def.o (strncmp)
/usr/lib/gcc/arm-none-eabi/8.3.0/../../../../arm-none-eabi/lib/thumb/v7e-m+fp/hard/libc_nano.a(lib_a-wbuf.o)
                              /usr/lib/gcc/arm-none-eabi/8.3.0/../../../../arm-none-eabi/lib/thumb/v7e-m+fp/hard/libc_nano.a(lib_a-putc.o) (__swbuf_r)
/usr/lib/gcc/arm-none-eabi/8.3.0/../../../../arm-none-eabi/lib/thumb/v7e-m+fp/hard/libc_nano.a(lib_a-wsetup.o)
                              /usr/lib/gcc/arm-none-eabi/8.3.0/../../../../arm-none-eabi/lib/thumb/v7e-m+fp/hard/libc_nano.a(lib_a-wbuf.o) (__swsetup_r)
/usr/lib/gcc/arm-none-eabi/8.3.0/../../../../arm-none-eabi/lib/thumb/v7e-m+fp/hard/libc_nano.a(lib_a-__atexit.o)
                              /usr/lib/gcc/arm-none-eabi/8.3.0/../../../../arm-none-eabi/lib/thumb/v7e-m+fp/hard/libc_nano.a(lib_a-atexit.o) (__register_exitproc)
[...]
Memory Configuration

Name             Origin             Length             Attributes
RAM              0x0000000020000000 0x0000000000050000 xrw
FLASH            0x0000000008000000 0x0000000000100000 xr
*default*        0x0000000000000000 0xffffffffffffffff

Linker script and memory map

LOAD /usr/lib/gcc/arm-none-eabi/8.3.0/thumb/v7e-m+fp/hard/crti.o
LOAD /usr/lib/gcc/arm-none-eabi/8.3.0/thumb/v7e-m+fp/hard/crtbegin.o
LOAD /usr/lib/gcc/arm-none-eabi/8.3.0/../../../../arm-none-eabi/lib/thumb/v7e-m+fp/hard/crt0.o
LOAD build/main.o
LOAD build/lwip.o
LOAD build/ethernetif.o
LOAD build/usb_device.o
LOAD build/usbd_conf.o
LOAD build/usbd_desc.o
LOAD build/usbd_cdc_if.o
LOAD build/stm32f7xx_it.o
LOAD build/stm32f7xx_hal_msp.o
LOAD build/stm32f7xx_hal_timebase_TIM.o
LOAD build/stm32f7xx_hal_eth.o
LOAD build/stm32f7xx_hal_pcd.o
LOAD build/stm32f7xx_hal_pcd_ex.o
LOAD build/stm32f7xx_ll_usb.o
LOAD build/stm32f7xx_hal_cortex.o
LOAD build/stm32f7xx_hal_crc.o
LOAD build/stm32f7xx_hal_crc_ex.o
LOAD build/stm32f7xx_ll_fmc.o
LOAD build/stm32f7xx_hal_sdram.o
LOAD build/stm32f7xx_hal_spi.o
LOAD build/stm32f7xx_hal_tim.o
LOAD build/stm32f7xx_hal_tim_ex.o
LOAD build/stm32f7xx_hal_uart.o
LOAD build/stm32f7xx_hal_rcc.o
LOAD build/stm32f7xx_hal_rcc_ex.o
LOAD build/stm32f7xx_hal_flash.o
LOAD build/stm32f7xx_hal_flash_ex.o
LOAD build/stm32f7xx_hal_gpio.o
LOAD build/stm32f7xx_hal_dma.o
LOAD build/stm32f7xx_hal_dma_ex.o
LOAD build/stm32f7xx_hal_pwr.o
LOAD build/stm32f7xx_hal_pwr_ex.o
LOAD build/stm32f7xx_hal.o
LOAD build/stm32f7xx_hal_i2c.o
LOAD build/stm32f7xx_hal_i2c_ex.o
LOAD build/system_stm32f7xx.o
LOAD build/auth.o
LOAD build/ccp.o
LOAD build/chap_ms.o
LOAD build/chap-md5.o
LOAD build/chap-new.o
LOAD build/demand.o
LOAD build/eap.o
LOAD build/eui64.o
LOAD build/fsm.o
LOAD build/ipcp.o
LOAD build/ipv6cp.o
LOAD build/lcp.o
LOAD build/magic.o
LOAD build/mppe.o
LOAD build/multilink.o
LOAD build/ppp.o
LOAD build/pppapi.o
LOAD build/pppcrypt.o
LOAD build/pppoe.o
LOAD build/pppol2tp.o
LOAD build/pppos.o
LOAD build/upap.o
LOAD build/utils.o
LOAD build/vj.o
LOAD build/ethernet.o
LOAD build/slipif.o
LOAD build/lowpan6.o
LOAD build/ecp.o
LOAD build/sockets.o
LOAD build/netifapi.o
LOAD build/netbuf.o
LOAD build/api_lib.o
LOAD build/err.o
LOAD build/netdb.o
LOAD build/tcpip.o
LOAD build/api_msg.o
LOAD build/timeouts.o
LOAD build/tcp.o
LOAD build/tcp_out.o
LOAD build/tcp_in.o
LOAD build/init.o
LOAD build/stats.o
LOAD build/udp.o
LOAD build/inet_chksum.o
LOAD build/ip.o
LOAD build/memp.o
LOAD build/def.o
LOAD build/sys.o
LOAD build/netif.o
LOAD build/raw.o
LOAD build/pbuf.o
LOAD build/dns.o
LOAD build/mem.o
LOAD build/icmp.o
LOAD build/ip4_frag.o
LOAD build/autoip.o
LOAD build/ip4.o
LOAD build/etharp.o
LOAD build/ip4_addr.o
LOAD build/dhcp.o
LOAD build/igmp.o
LOAD build/ip6_addr.o
LOAD build/dhcp6.o
LOAD build/mld6.o
LOAD build/ethip6.o
LOAD build/ip6.o
LOAD build/nd6.o
LOAD build/inet6.o
LOAD build/ip6_frag.o
LOAD build/icmp6.o
LOAD build/mqtt.o
LOAD build/usbd_core.o
LOAD build/usbd_ctlreq.o
LOAD build/usbd_ioreq.o
LOAD build/usbd_cdc.o
LOAD build/startup_stm32f746xx.o
LOAD /usr/lib/gcc/arm-none-eabi/8.3.0/../../../../arm-none-eabi/lib/thumb/v7e-m+fp/hard/libc_nano.a
LOAD /usr/lib/gcc/arm-none-eabi/8.3.0/../../../../arm-none-eabi/lib/thumb/v7e-m+fp/hard/libm.a
LOAD /usr/lib/gcc/arm-none-eabi/8.3.0/../../../../arm-none-eabi/lib/thumb/v7e-m+fp/hard/libnosys.a
START GROUP
LOAD /usr/lib/gcc/arm-none-eabi/8.3.0/thumb/v7e-m+fp/hard/libgcc.a
LOAD /usr/lib/gcc/arm-none-eabi/8.3.0/../../../../arm-none-eabi/lib/thumb/v7e-m+fp/hard/libc_nano.a
END GROUP
START GROUP
LOAD /usr/lib/gcc/arm-none-eabi/8.3.0/thumb/v7e-m+fp/hard/libgcc.a
LOAD /usr/lib/gcc/arm-none-eabi/8.3.0/../../../../arm-none-eabi/lib/thumb/v7e-m+fp/hard/libc_nano.a
END GROUP
LOAD /usr/lib/gcc/arm-none-eabi/8.3.0/thumb/v7e-m+fp/hard/crtend.o
LOAD /usr/lib/gcc/arm-none-eabi/8.3.0/thumb/v7e-m+fp/hard/crtn.o
                0x0000000020050000                _estack = 0x20050000
                0x0000000000000200                _Min_Heap_Size = 0x200
                0x0000000000000400                _Min_Stack_Size = 0x400

.isr_vector     0x0000000008000000      0x1c8
                0x0000000008000000                . = ALIGN (0x4)
 *(.isr_vector)
 .isr_vector    0x0000000008000000      0x1c8 build/startup_stm32f746xx.o
                0x0000000008000000                g_pfnVectors
                0x00000000080001c8                . = ALIGN (0x4)

.text           0x00000000080001d0    0x10a14
                0x00000000080001d0                . = ALIGN (0x4)
 *(.text)
 .text          0x00000000080001d0       0xa0 /usr/lib/gcc/arm-none-eabi/8.3.0/../../../../arm-none-eabi/lib/thumb/v7e-m+fp/hard/libc_nano.a(lib_a-memchr.o)
                0x00000000080001d0                memchr
 .text          0x0000000008000270      0x378 /usr/lib/gcc/arm-none-eabi/8.3.0/thumb/v7e-m+fp/hard/libgcc.a(_arm_addsubdf3.o)
                0x0000000008000270                __aeabi_drsub
                0x0000000008000278                __aeabi_dsub
                0x0000000008000278                __subdf3
                0x000000000800027c                __adddf3
                0x000000000800027c                __aeabi_dadd
                0x00000000080004f4                __aeabi_ui2d
                0x00000000080004f4                __floatunsidf
                0x0000000008000514                __floatsidf
                0x0000000008000514                __aeabi_i2d
                0x0000000008000538                __extendsfdf2
                0x0000000008000538                __aeabi_f2d
                0x000000000800057c                __aeabi_ul2d
                0x000000000800057c                __floatundidf
                0x000000000800058c                __floatdidf
                0x000000000800058c                __aeabi_l2d
 .text          0x00000000080005e8      0x424 /usr/lib/gcc/arm-none-eabi/8.3.0/thumb/v7e-m+fp/hard/libgcc.a(_arm_muldivdf3.o)
                0x00000000080005e8                __aeabi_dmul
                0x00000000080005e8                __muldf3
                0x000000000800083c                __aeabi_ddiv
                0x000000000800083c                __divdf3
 .text          0x0000000008000a0c       0x40 /usr/lib/gcc/arm-none-eabi/8.3.0/thumb/v7e-m+fp/hard/libgcc.a(_arm_fixunsdfsi.o)
                0x0000000008000a0c                __fixunsdfsi
                0x0000000008000a0c                __aeabi_d2uiz
 .text          0x0000000008000a4c       0x30 /usr/lib/gcc/arm-none-eabi/8.3.0/thumb/v7e-m+fp/hard/libgcc.a(_aeabi_uldivmod.o)
                0x0000000008000a4c                __aeabi_uldivmod
 .text          0x0000000008000a7c        0x4 /usr/lib/gcc/arm-none-eabi/8.3.0/thumb/v7e-m+fp/hard/libgcc.a(_dvmd_tls.o)
                0x0000000008000a7c                __aeabi_ldiv0
                0x0000000008000a7c                __aeabi_idiv0
 *(.text*)
 .text.__do_global_dtors_aux
                0x0000000008000a80       0x24 /usr/lib/gcc/arm-none-eabi/8.3.0/thumb/v7e-m+fp/hard/crtbegin.o
 .text.frame_dummy
                0x0000000008000aa4       0x1c /usr/lib/gcc/arm-none-eabi/8.3.0/thumb/v7e-m+fp/hard/crtbegin.o
 .text.map_inputBuffer_to_frameBuffer
                0x0000000008000ac0       0xc0 build/main.o
 .text.map_frameBuffer_to_outputBuffer
                0x0000000008000b80      0x128 build/main.o
 .text.start_display
                0x0000000008000ca8        0xc build/main.o
 .text.MX_GPIO_Init
                0x0000000008000cb4      0x540 build/main.o
 .text.tcp_setup
                0x00000000080011f4      0x10c build/main.o
 .text.tcp_connection_accepted
                0x0000000008001300       0x34 build/main.o
 .text.close_connection
                0x0000000008001334       0x38 build/main.o
 .text.tcp_poll_timeout
                0x000000000800136c       0x2c build/main.o
 .text.reset    0x0000000008001398       0xdc build/main.o
 .text.stop_display
                0x0000000008001474       0x24 build/main.o
 .text.tcp_StateMachiene
                0x0000000008001498      0x234 build/main.o
 .text.tcp_receive_callback
                0x00000000080016cc      0x154 build/main.o
 .text.update_rps
                0x0000000008001820       0x38 build/main.o
 .text.update_fps
                0x0000000008001858       0x38 build/main.o
 .text.HAL_SPI_TxCpltCallback
                0x0000000008001890        0x2 build/main.o
                0x0000000008001890                HAL_SPI_TxCpltCallback
 *fill*         0x0000000008001892        0x2 
 .text.HAL_TIM_PeriodElapsedCallback
                0x0000000008001894      0x3b8 build/main.o
                0x0000000008001894                HAL_TIM_PeriodElapsedCallback
 .text._Error_Handler
                0x0000000008001c4c       0xb4 build/main.o
                0x0000000008001c4c                _Error_Handler
 .text.MX_DMA_Init
                0x0000000008001d00       0xa0 build/main.o
 .text.MX_CRC_Init
                0x0000000008001da0       0x34 build/main.o
 .text.MX_SPI2_Init
                0x0000000008001dd4       0x58 build/main.o
 .text.MX_TIM1_Init
                0x0000000008001e2c       0x70 build/main.o
 .text.MX_TIM2_Init
                0x0000000008001e9c       0x6c build/main.o
 .text.MX_TIM3_Init
                0x0000000008001f08       0x6c build/main.o
 .text.MX_TIM5_Init
                0x0000000008001f74       0x6c build/main.o
 .text.MX_TIM8_Init
                0x0000000008001fe0       0x70 build/main.o
 .text.MX_USART1_UART_Init
                0x0000000008002050       0x40 build/main.o
 .text.MX_USART6_UART_Init
                0x0000000008002090       0x40 build/main.o
 .text.MX_SPI5_Init
                0x00000000080020d0       0x58 build/main.o
 .text.MX_FMC_Init
                0x0000000008002128       0x6c build/main.o
 .text.MX_TIM9_Init
                0x0000000008002194       0x58 build/main.o
 .text.SystemClock_Config
                0x00000000080021ec      0x120 build/main.o
                0x00000000080021ec                SystemClock_Config
 .text.main     0x000000000800230c       0xfc build/main.o
                0x000000000800230c                main
 .text.MX_LWIP_Init
                0x0000000008002408       0x68 build/lwip.o
                0x0000000008002408                MX_LWIP_Init
 .text.MX_LWIP_Process
                0x0000000008002470       0x14 build/lwip.o
                0x0000000008002470                MX_LWIP_Process
 .text.low_level_input
                0x0000000008002484       0xd8 build/ethernetif.o
 .text.low_level_output
                0x000000000800255c       0xbc build/ethernetif.o
 .text.low_level_init
                0x0000000008002618       0xf4 build/ethernetif.o
 .text.HAL_ETH_MspInit
                0x000000000800270c       0xa4 build/ethernetif.o
                0x000000000800270c                HAL_ETH_MspInit
 .text.ethernetif_input
                0x00000000080027b0       0x1e build/ethernetif.o
                0x00000000080027b0                ethernetif_input
 *fill*         0x00000000080027ce        0x2 
 .text.ethernetif_init
                0x00000000080027d0       0x48 build/ethernetif.o
                0x00000000080027d0                ethernetif_init
 .text.sys_now  0x0000000008002818        0x8 build/ethernetif.o
                0x0000000008002818                sys_now
 .text.MX_USB_DEVICE_Init
                0x0000000008002820       0x38 build/usb_device.o
                0x0000000008002820                MX_USB_DEVICE_Init
 .text.HAL_PCD_MspInit
                0x0000000008002858       0x70 build/usbd_conf.o
                0x0000000008002858                HAL_PCD_MspInit
 .text.HAL_PCD_SetupStageCallback
                0x00000000080028c8       0x10 build/usbd_conf.o
                0x00000000080028c8                HAL_PCD_SetupStageCallback
 .text.HAL_PCD_DataOutStageCallback
                0x00000000080028d8       0x18 build/usbd_conf.o
                0x00000000080028d8                HAL_PCD_DataOutStageCallback
 .text.HAL_PCD_DataInStageCallback
                0x00000000080028f0       0x16 build/usbd_conf.o
                0x00000000080028f0                HAL_PCD_DataInStageCallback
 .text.HAL_PCD_SOFCallback
                0x0000000008002906        0xc build/usbd_conf.o
                0x0000000008002906                HAL_PCD_SOFCallback
 .text.HAL_PCD_ResetCallback
                0x0000000008002912       0x20 build/usbd_conf.o
                0x0000000008002912                HAL_PCD_ResetCallback
 *fill*         0x0000000008002932        0x2 
 .text.HAL_PCD_SuspendCallback
                0x0000000008002934       0x30 build/usbd_conf.o
                0x0000000008002934                HAL_PCD_SuspendCallback
 .text.HAL_PCD_ResumeCallback
                0x0000000008002964        0xc build/usbd_conf.o
                0x0000000008002964                HAL_PCD_ResumeCallback
 .text.HAL_PCD_ISOOUTIncompleteCallback
                0x0000000008002970        0xc build/usbd_conf.o
                0x0000000008002970                HAL_PCD_ISOOUTIncompleteCallback
 .text.HAL_PCD_ISOINIncompleteCallback
                0x000000000800297c        0xc build/usbd_conf.o
                0x000000000800297c                HAL_PCD_ISOINIncompleteCallback
 .text.HAL_PCD_ConnectCallback
                0x0000000008002988        0xc build/usbd_conf.o
                0x0000000008002988                HAL_PCD_ConnectCallback
 .text.HAL_PCD_DisconnectCallback
                0x0000000008002994        0xc build/usbd_conf.o
                0x0000000008002994                HAL_PCD_DisconnectCallback
 .text.USBD_LL_Init
                0x00000000080029a0       0x74 build/usbd_conf.o
                0x00000000080029a0                USBD_LL_Init
 .text.USBD_LL_Start
                0x0000000008002a14       0x1e build/usbd_conf.o
                0x0000000008002a14                USBD_LL_Start
 .text.USBD_LL_OpenEP
                0x0000000008002a32       0x24 build/usbd_conf.o
                0x0000000008002a32                USBD_LL_OpenEP
 .text.USBD_LL_CloseEP
                0x0000000008002a56       0x1e build/usbd_conf.o
                0x0000000008002a56                USBD_LL_CloseEP
 .text.USBD_LL_StallEP
                0x0000000008002a74       0x1e build/usbd_conf.o
                0x0000000008002a74                USBD_LL_StallEP
 .text.USBD_LL_ClearStallEP
                0x0000000008002a92       0x1e build/usbd_conf.o
                0x0000000008002a92                USBD_LL_ClearStallEP
 .text.USBD_LL_IsStallEP
                0x0000000008002ab0       0x2e build/usbd_conf.o
                0x0000000008002ab0                USBD_LL_IsStallEP
 .text.USBD_LL_SetUSBAddress
                0x0000000008002ade       0x1e build/usbd_conf.o
                0x0000000008002ade                USBD_LL_SetUSBAddress
 .text.USBD_LL_Transmit
                0x0000000008002afc       0x1e build/usbd_conf.o
                0x0000000008002afc                USBD_LL_Transmit
 .text.USBD_LL_PrepareReceive
                0x0000000008002b1a       0x1e build/usbd_conf.o
                0x0000000008002b1a                USBD_LL_PrepareReceive
 .text.USBD_LL_GetRxDataSize
                0x0000000008002b38        0xc build/usbd_conf.o
                0x0000000008002b38                USBD_LL_GetRxDataSize
 .text.HAL_PCDEx_LPM_Callback
                0x0000000008002b44       0x64 build/usbd_conf.o
                0x0000000008002b44                HAL_PCDEx_LPM_Callback
 .text.USBD_FS_DeviceDescriptor
                0x0000000008002ba8        0xc build/usbd_desc.o
                0x0000000008002ba8                USBD_FS_DeviceDescriptor
 .text.USBD_FS_LangIDStrDescriptor
                0x0000000008002bb4        0xc build/usbd_desc.o
                0x0000000008002bb4                USBD_FS_LangIDStrDescriptor
 .text.USBD_FS_USR_BOSDescriptor
                0x0000000008002bc0        0xc build/usbd_desc.o
                0x0000000008002bc0                USBD_FS_USR_BOSDescriptor
 .text.USBD_FS_ProductStrDescriptor
                0x0000000008002bcc       0x24 build/usbd_desc.o
                0x0000000008002bcc                USBD_FS_ProductStrDescriptor
 .text.USBD_FS_ManufacturerStrDescriptor
                0x0000000008002bf0       0x1c build/usbd_desc.o
                0x0000000008002bf0                USBD_FS_ManufacturerStrDescriptor
 .text.USBD_FS_SerialStrDescriptor
                0x0000000008002c0c       0x24 build/usbd_desc.o
                0x0000000008002c0c                USBD_FS_SerialStrDescriptor
 .text.USBD_FS_ConfigStrDescriptor
                0x0000000008002c30       0x24 build/usbd_desc.o
                0x0000000008002c30                USBD_FS_ConfigStrDescriptor
 .text.USBD_FS_InterfaceStrDescriptor
                0x0000000008002c54       0x24 build/usbd_desc.o
                0x0000000008002c54                USBD_FS_InterfaceStrDescriptor
 .text.CDC_DeInit_FS
                0x0000000008002c78        0x4 build/usbd_cdc_if.o
 .text.CDC_Control_FS
                0x0000000008002c7c        0x4 build/usbd_cdc_if.o
 .text.CDC_Init_FS
                0x0000000008002c80       0x28 build/usbd_cdc_if.o
 .text.CDC_Transmit_FS
                0x0000000008002ca8       0x2c build/usbd_cdc_if.o
                0x0000000008002ca8                CDC_Transmit_FS
 .text.CDC_Receive_FS
                0x0000000008002cd4       0x24 build/usbd_cdc_if.o
 .text.usb_send_data
                0x0000000008002cf8       0x22 build/usbd_cdc_if.o
                0x0000000008002cf8                usb_send_data
 .text.NMI_Handler
                0x0000000008002d1a        0x2 build/stm32f7xx_it.o
                0x0000000008002d1a                NMI_Handler
 .text.HardFault_Handler
                0x0000000008002d1c        0x2 build/stm32f7xx_it.o
                0x0000000008002d1c                HardFault_Handler
 .text.MemManage_Handler
                0x0000000008002d1e        0x2 build/stm32f7xx_it.o
                0x0000000008002d1e                MemManage_Handler
 .text.BusFault_Handler
                0x0000000008002d20        0x2 build/stm32f7xx_it.o
                0x0000000008002d20                BusFault_Handler
 .text.UsageFault_Handler
                0x0000000008002d22        0x2 build/stm32f7xx_it.o
                0x0000000008002d22                UsageFault_Handler
 .text.SVC_Handler
                0x0000000008002d24        0x2 build/stm32f7xx_it.o
                0x0000000008002d24                SVC_Handler
 .text.DebugMon_Handler
                0x0000000008002d26        0x2 build/stm32f7xx_it.o
                0x0000000008002d26                DebugMon_Handler
 .text.PendSV_Handler
                0x0000000008002d28        0x2 build/stm32f7xx_it.o
                0x0000000008002d28                PendSV_Handler
 .text.SysTick_Handler
                0x0000000008002d2a        0x8 build/stm32f7xx_it.o
                0x0000000008002d2a                SysTick_Handler
 *fill*         0x0000000008002d32        0x2 
 .text.DMA1_Stream4_IRQHandler
                0x0000000008002d34       0x10 build/stm32f7xx_it.o
                0x0000000008002d34                DMA1_Stream4_IRQHandler
 .text.TIM1_BRK_TIM9_IRQHandler
                0x0000000008002d44       0x18 build/stm32f7xx_it.o
                0x0000000008002d44                TIM1_BRK_TIM9_IRQHandler
 .text.TIM8_TRG_COM_TIM14_IRQHandler
                0x0000000008002d5c       0x10 build/stm32f7xx_it.o
                0x0000000008002d5c                TIM8_TRG_COM_TIM14_IRQHandler
 .text.TIM6_DAC_IRQHandler
                0x0000000008002d6c       0x10 build/stm32f7xx_it.o
                0x0000000008002d6c                TIM6_DAC_IRQHandler
 .text.OTG_FS_IRQHandler
                0x0000000008002d7c       0x10 build/stm32f7xx_it.o
                0x0000000008002d7c                OTG_FS_IRQHandler
 .text.DMA2_Stream6_IRQHandler
                0x0000000008002d8c       0x10 build/stm32f7xx_it.o
                0x0000000008002d8c                DMA2_Stream6_IRQHandler
 .text.HAL_FMC_MspInit
                0x0000000008002d9c       0xd4 build/stm32f7xx_hal_msp.o
 .text.HAL_MspInit
                0x0000000008002e70       0x90 build/stm32f7xx_hal_msp.o
                0x0000000008002e70                HAL_MspInit
 .text.HAL_CRC_MspInit
                0x0000000008002f00       0x2c build/stm32f7xx_hal_msp.o
                0x0000000008002f00                HAL_CRC_MspInit
 .text.HAL_SPI_MspInit
                0x0000000008002f2c      0x13c build/stm32f7xx_hal_msp.o
                0x0000000008002f2c                HAL_SPI_MspInit
 .text.HAL_TIM_Base_MspInit
                0x0000000008003068       0xfc build/stm32f7xx_hal_msp.o
                0x0000000008003068                HAL_TIM_Base_MspInit
 .text.HAL_UART_MspInit
                0x0000000008003164       0xa8 build/stm32f7xx_hal_msp.o
                0x0000000008003164                HAL_UART_MspInit
 .text.HAL_SDRAM_MspInit
                0x000000000800320c        0x8 build/stm32f7xx_hal_msp.o
                0x000000000800320c                HAL_SDRAM_MspInit
 .text.HAL_InitTick
                0x0000000008003214       0x7c build/stm32f7xx_hal_timebase_TIM.o
                0x0000000008003214                HAL_InitTick
 .text.ETH_MACAddressConfig
                0x0000000008003290       0x30 build/stm32f7xx_hal_eth.o
 .text.ETH_DMATransmissionEnable
                0x00000000080032c0       0x10 build/stm32f7xx_hal_eth.o
 .text.ETH_DMAReceptionEnable
                0x00000000080032d0       0x10 build/stm32f7xx_hal_eth.o
 .text.ETH_MACDMAConfig
                0x00000000080032e0      0x118 build/stm32f7xx_hal_eth.o
 .text.ETH_MACTransmissionEnable
                0x00000000080033f8       0x2a build/stm32f7xx_hal_eth.o
 .text.ETH_MACReceptionEnable
                0x0000000008003422       0x2a build/stm32f7xx_hal_eth.o
 .text.ETH_FlushTransmitFIFO
                0x000000000800344c       0x2e build/stm32f7xx_hal_eth.o
 .text.HAL_ETH_DMATxDescListInit
                0x000000000800347a       0x72 build/stm32f7xx_hal_eth.o
                0x000000000800347a                HAL_ETH_DMATxDescListInit
 .text.HAL_ETH_DMARxDescListInit
                0x00000000080034ec       0x6c build/stm32f7xx_hal_eth.o
                0x00000000080034ec                HAL_ETH_DMARxDescListInit
 .text.HAL_ETH_TransmitFrame
                0x0000000008003558      0x120 build/stm32f7xx_hal_eth.o
                0x0000000008003558                HAL_ETH_TransmitFrame
 .text.HAL_ETH_GetReceivedFrame
                0x0000000008003678       0x8e build/stm32f7xx_hal_eth.o
                0x0000000008003678                HAL_ETH_GetReceivedFrame
 .text.HAL_ETH_ReadPHYRegister
                0x0000000008003706       0x78 build/stm32f7xx_hal_eth.o
                0x0000000008003706                HAL_ETH_ReadPHYRegister
 .text.HAL_ETH_WritePHYRegister
                0x000000000800377e       0x74 build/stm32f7xx_hal_eth.o
                0x000000000800377e                HAL_ETH_WritePHYRegister
 *fill*         0x00000000080037f2        0x2 
 .text.HAL_ETH_Init
                0x00000000080037f4      0x254 build/stm32f7xx_hal_eth.o
                0x00000000080037f4                HAL_ETH_Init
 .text.HAL_ETH_Start
                0x0000000008003a48       0x44 build/stm32f7xx_hal_eth.o
                0x0000000008003a48                HAL_ETH_Start
 .text.PCD_WriteEmptyTxFifo
                0x0000000008003a8c       0xac build/stm32f7xx_hal_pcd.o
 .text.HAL_PCD_Init
                0x0000000008003b38      0x104 build/stm32f7xx_hal_pcd.o
                0x0000000008003b38                HAL_PCD_Init
 .text.HAL_PCD_Start
                0x0000000008003c3c       0x2a build/stm32f7xx_hal_pcd.o
                0x0000000008003c3c                HAL_PCD_Start
 *fill*         0x0000000008003c66        0x2 
 .text.HAL_PCD_IRQHandler
                0x0000000008003c68      0x6cc build/stm32f7xx_hal_pcd.o
                0x0000000008003c68                HAL_PCD_IRQHandler
 .text.HAL_PCD_SetAddress
                0x0000000008004334       0x28 build/stm32f7xx_hal_pcd.o
                0x0000000008004334                HAL_PCD_SetAddress
 .text.HAL_PCD_EP_Open
                0x000000000800435c       0x80 build/stm32f7xx_hal_pcd.o
                0x000000000800435c                HAL_PCD_EP_Open
 .text.HAL_PCD_EP_Close
                0x00000000080043dc       0x6c build/stm32f7xx_hal_pcd.o
                0x00000000080043dc                HAL_PCD_EP_Close
 .text.HAL_PCD_EP_Receive
                0x0000000008004448       0x5c build/stm32f7xx_hal_pcd.o
                0x0000000008004448                HAL_PCD_EP_Receive
 .text.HAL_PCD_EP_GetRxCount
                0x00000000080044a4       0x12 build/stm32f7xx_hal_pcd.o
                0x00000000080044a4                HAL_PCD_EP_GetRxCount
 .text.HAL_PCD_EP_Transmit
                0x00000000080044b6       0x54 build/stm32f7xx_hal_pcd.o
                0x00000000080044b6                HAL_PCD_EP_Transmit
 .text.HAL_PCD_EP_SetStall
                0x000000000800450a       0x82 build/stm32f7xx_hal_pcd.o
                0x000000000800450a                HAL_PCD_EP_SetStall
 .text.HAL_PCD_EP_ClrStall
                0x000000000800458c       0x6e build/stm32f7xx_hal_pcd.o
                0x000000000800458c                HAL_PCD_EP_ClrStall
 .text.HAL_PCDEx_SetTxFiFo
                0x00000000080045fa       0x48 build/stm32f7xx_hal_pcd_ex.o
                0x00000000080045fa                HAL_PCDEx_SetTxFiFo
 .text.HAL_PCDEx_SetRxFiFo
                0x0000000008004642        0x8 build/stm32f7xx_hal_pcd_ex.o
                0x0000000008004642                HAL_PCDEx_SetRxFiFo
 *fill*         0x000000000800464a        0x2 
 .text.HAL_PCDEx_ActivateLPM
                0x000000000800464c       0x28 build/stm32f7xx_hal_pcd_ex.o
                0x000000000800464c                HAL_PCDEx_ActivateLPM
 .text.USB_CoreReset
                0x0000000008004674       0x3c build/stm32f7xx_ll_usb.o
 .text.USB_CoreInit
                0x00000000080046b0       0x7c build/stm32f7xx_ll_usb.o
                0x00000000080046b0                USB_CoreInit
 .text.USB_EnableGlobalInt
                0x000000000800472c        0xc build/stm32f7xx_ll_usb.o
                0x000000000800472c                USB_EnableGlobalInt
 .text.USB_DisableGlobalInt
                0x0000000008004738        0xc build/stm32f7xx_ll_usb.o
                0x0000000008004738                USB_DisableGlobalInt
 .text.USB_SetCurrentMode
                0x0000000008004744       0x30 build/stm32f7xx_ll_usb.o
                0x0000000008004744                USB_SetCurrentMode
 .text.USB_FlushTxFifo
                0x0000000008004774       0x28 build/stm32f7xx_ll_usb.o
                0x0000000008004774                USB_FlushTxFifo
 .text.USB_FlushRxFifo
                0x000000000800479c       0x24 build/stm32f7xx_ll_usb.o
                0x000000000800479c                USB_FlushRxFifo
 .text.USB_SetDevSpeed
                0x00000000080047c0        0xe build/stm32f7xx_ll_usb.o
                0x00000000080047c0                USB_SetDevSpeed
 *fill*         0x00000000080047ce        0x2 
 .text.USB_DevInit
                0x00000000080047d0      0x1a4 build/stm32f7xx_ll_usb.o
                0x00000000080047d0                USB_DevInit
 .text.USB_GetDevSpeed
                0x0000000008004974       0x26 build/stm32f7xx_ll_usb.o
                0x0000000008004974                USB_GetDevSpeed
 *fill*         0x000000000800499a        0x2 
 .text.USB_ActivateEndpoint
                0x000000000800499c       0x90 build/stm32f7xx_ll_usb.o
                0x000000000800499c                USB_ActivateEndpoint
 .text.USB_DeactivateEndpoint
                0x0000000008004a2c       0x90 build/stm32f7xx_ll_usb.o
                0x0000000008004a2c                USB_DeactivateEndpoint
 .text.USB_EP0StartXfer
                0x0000000008004abc      0x100 build/stm32f7xx_ll_usb.o
                0x0000000008004abc                USB_EP0StartXfer
 .text.USB_WritePacket
                0x0000000008004bbc       0x28 build/stm32f7xx_ll_usb.o
                0x0000000008004bbc                USB_WritePacket
 .text.USB_EPStartXfer
                0x0000000008004be4      0x1dc build/stm32f7xx_ll_usb.o
                0x0000000008004be4                USB_EPStartXfer
 .text.USB_ReadPacket
                0x0000000008004dc0       0x28 build/stm32f7xx_ll_usb.o
                0x0000000008004dc0                USB_ReadPacket
 .text.USB_EPSetStall
                0x0000000008004de8       0x5a build/stm32f7xx_ll_usb.o
                0x0000000008004de8                USB_EPSetStall
 .text.USB_EPClearStall
                0x0000000008004e42       0x5c build/stm32f7xx_ll_usb.o
                0x0000000008004e42                USB_EPClearStall
 .text.USB_SetDevAddress
                0x0000000008004e9e       0x20 build/stm32f7xx_ll_usb.o
                0x0000000008004e9e                USB_SetDevAddress
 .text.USB_DevConnect
                0x0000000008004ebe       0x18 build/stm32f7xx_ll_usb.o
                0x0000000008004ebe                USB_DevConnect
 .text.USB_DevDisconnect
                0x0000000008004ed6       0x18 build/stm32f7xx_ll_usb.o
                0x0000000008004ed6                USB_DevDisconnect
 .text.USB_ReadInterrupts
                0x0000000008004eee        0x8 build/stm32f7xx_ll_usb.o
                0x0000000008004eee                USB_ReadInterrupts
 .text.USB_ReadDevAllOutEpInterrupt
                0x0000000008004ef6       0x10 build/stm32f7xx_ll_usb.o
                0x0000000008004ef6                USB_ReadDevAllOutEpInterrupt
 .text.USB_ReadDevAllInEpInterrupt
                0x0000000008004f06       0x10 build/stm32f7xx_ll_usb.o
                0x0000000008004f06                USB_ReadDevAllInEpInterrupt
 .text.USB_ReadDevOutEPInterrupt
                0x0000000008004f16       0x12 build/stm32f7xx_ll_usb.o
                0x0000000008004f16                USB_ReadDevOutEPInterrupt
 .text.USB_ReadDevInEPInterrupt
                0x0000000008004f28       0x28 build/stm32f7xx_ll_usb.o
                0x0000000008004f28                USB_ReadDevInEPInterrupt
 .text.USB_GetMode
                0x0000000008004f50        0x8 build/stm32f7xx_ll_usb.o
                0x0000000008004f50                USB_GetMode
 .text.USB_ActivateSetup
                0x0000000008004f58       0x38 build/stm32f7xx_ll_usb.o
                0x0000000008004f58                USB_ActivateSetup
 .text.USB_EP0_OutStart
                0x0000000008004f90       0x46 build/stm32f7xx_ll_usb.o
                0x0000000008004f90                USB_EP0_OutStart
 *fill*         0x0000000008004fd6        0x2 
 .text.HAL_NVIC_SetPriorityGrouping
                0x0000000008004fd8       0x24 build/stm32f7xx_hal_cortex.o
                0x0000000008004fd8                HAL_NVIC_SetPriorityGrouping
 .text.HAL_NVIC_SetPriority
                0x0000000008004ffc       0x64 build/stm32f7xx_hal_cortex.o
                0x0000000008004ffc                HAL_NVIC_SetPriority
 .text.HAL_NVIC_EnableIRQ
                0x0000000008005060       0x18 build/stm32f7xx_hal_cortex.o
                0x0000000008005060                HAL_NVIC_EnableIRQ
 .text.HAL_SYSTICK_Config
                0x0000000008005078       0x2c build/stm32f7xx_hal_cortex.o
                0x0000000008005078                HAL_SYSTICK_Config
 .text.HAL_SYSTICK_CLKSourceConfig
                0x00000000080050a4       0x20 build/stm32f7xx_hal_cortex.o
                0x00000000080050a4                HAL_SYSTICK_CLKSourceConfig
 .text.HAL_SYSTICK_Callback
                0x00000000080050c4        0x2 build/stm32f7xx_hal_cortex.o
                0x00000000080050c4                HAL_SYSTICK_Callback
 .text.HAL_SYSTICK_IRQHandler
                0x00000000080050c6        0x8 build/stm32f7xx_hal_cortex.o
                0x00000000080050c6                HAL_SYSTICK_IRQHandler
 *fill*         0x00000000080050ce        0x2 
 .text.HAL_CRC_Init
                0x00000000080050d0       0x80 build/stm32f7xx_hal_crc.o
                0x00000000080050d0                HAL_CRC_Init
 .text.HAL_CRCEx_Polynomial_Set
                0x0000000008005150       0x56 build/stm32f7xx_hal_crc_ex.o
                0x0000000008005150                HAL_CRCEx_Polynomial_Set
 *fill*         0x00000000080051a6        0x2 
 .text.FMC_SDRAM_Init
                0x00000000080051a8       0x74 build/stm32f7xx_ll_fmc.o
                0x00000000080051a8                FMC_SDRAM_Init
 .text.FMC_SDRAM_Timing_Init
                0x000000000800521c       0x98 build/stm32f7xx_ll_fmc.o
                0x000000000800521c                FMC_SDRAM_Timing_Init
 .text.HAL_SDRAM_Init
                0x00000000080052b4       0x40 build/stm32f7xx_hal_sdram.o
                0x00000000080052b4                HAL_SDRAM_Init
 .text.SPI_WaitFlagStateUntilTimeout
                0x00000000080052f4       0x8a build/stm32f7xx_hal_spi.o
 .text.SPI_WaitFifoStateUntilTimeout
                0x000000000800537e       0xa8 build/stm32f7xx_hal_spi.o
 .text.SPI_EndRxTxTransaction
                0x0000000008005426       0x66 build/stm32f7xx_hal_spi.o
 .text.HAL_SPI_Init
                0x000000000800548c       0xba build/stm32f7xx_hal_spi.o
                0x000000000800548c                HAL_SPI_Init
 *fill*         0x0000000008005546        0x2 
 .text.HAL_SPI_Transmit_DMA
                0x0000000008005548      0x114 build/stm32f7xx_hal_spi.o
                0x0000000008005548                HAL_SPI_Transmit_DMA
 .text.HAL_SPI_DMAStop
                0x000000000800565c       0x28 build/stm32f7xx_hal_spi.o
                0x000000000800565c                HAL_SPI_DMAStop
 .text.HAL_SPI_TxHalfCpltCallback
                0x0000000008005684        0x2 build/stm32f7xx_hal_spi.o
                0x0000000008005684                HAL_SPI_TxHalfCpltCallback
 .text.SPI_DMAHalfTransmitCplt
                0x0000000008005686        0xa build/stm32f7xx_hal_spi.o
 .text.HAL_SPI_ErrorCallback
                0x0000000008005690        0x2 build/stm32f7xx_hal_spi.o
                0x0000000008005690                HAL_SPI_ErrorCallback
 .text.SPI_DMAError
                0x0000000008005692       0x22 build/stm32f7xx_hal_spi.o
 .text.SPI_DMATransmitCplt
                0x00000000080056b4       0x70 build/stm32f7xx_hal_spi.o
 .text.TIM_TI1_ConfigInputStage
                0x0000000008005724       0x26 build/stm32f7xx_hal_tim.o
 .text.TIM_TI2_ConfigInputStage
                0x000000000800574a       0x28 build/stm32f7xx_hal_tim.o
 .text.TIM_ITRx_SetConfig
                0x0000000008005772       0x10 build/stm32f7xx_hal_tim.o
 .text.HAL_TIM_Base_Start_IT
                0x0000000008005782       0x18 build/stm32f7xx_hal_tim.o
                0x0000000008005782                HAL_TIM_Base_Start_IT
 .text.HAL_TIM_OC_DelayElapsedCallback
                0x000000000800579a        0x2 build/stm32f7xx_hal_tim.o
                0x000000000800579a                HAL_TIM_OC_DelayElapsedCallback
 .text.HAL_TIM_IC_CaptureCallback
                0x000000000800579c        0x2 build/stm32f7xx_hal_tim.o
                0x000000000800579c                HAL_TIM_IC_CaptureCallback
 .text.HAL_TIM_PWM_PulseFinishedCallback
                0x000000000800579e        0x2 build/stm32f7xx_hal_tim.o
                0x000000000800579e                HAL_TIM_PWM_PulseFinishedCallback
 .text.HAL_TIM_TriggerCallback
                0x00000000080057a0        0x2 build/stm32f7xx_hal_tim.o
                0x00000000080057a0                HAL_TIM_TriggerCallback
 .text.HAL_TIM_IRQHandler
                0x00000000080057a2      0x19a build/stm32f7xx_hal_tim.o
                0x00000000080057a2                HAL_TIM_IRQHandler
 .text.TIM_Base_SetConfig
                0x000000000800593c      0x10c build/stm32f7xx_hal_tim.o
                0x000000000800593c                TIM_Base_SetConfig
 .text.HAL_TIM_Base_Init
                0x0000000008005a48       0x34 build/stm32f7xx_hal_tim.o
                0x0000000008005a48                HAL_TIM_Base_Init
 .text.TIM_ETR_SetConfig
                0x0000000008005a7c       0x18 build/stm32f7xx_hal_tim.o
                0x0000000008005a7c                TIM_ETR_SetConfig
 .text.HAL_TIM_ConfigClockSource
                0x0000000008005a94      0x114 build/stm32f7xx_hal_tim.o
                0x0000000008005a94                HAL_TIM_ConfigClockSource
 .text.HAL_TIMEx_MasterConfigSynchronization
                0x0000000008005ba8       0x58 build/stm32f7xx_hal_tim_ex.o
                0x0000000008005ba8                HAL_TIMEx_MasterConfigSynchronization
 .text.HAL_TIMEx_CommutationCallback
                0x0000000008005c00        0x2 build/stm32f7xx_hal_tim_ex.o
                0x0000000008005c00                HAL_TIMEx_CommutationCallback
 .text.HAL_TIMEx_BreakCallback
                0x0000000008005c02        0x2 build/stm32f7xx_hal_tim_ex.o
                0x0000000008005c02                HAL_TIMEx_BreakCallback
 .text.UART_WaitOnFlagUntilTimeout
                0x0000000008005c04       0x62 build/stm32f7xx_hal_uart.o
                0x0000000008005c04                UART_WaitOnFlagUntilTimeout
 *fill*         0x0000000008005c66        0x2 
 .text.UART_SetConfig
                0x0000000008005c68      0x380 build/stm32f7xx_hal_uart.o
                0x0000000008005c68                UART_SetConfig
 .text.UART_AdvFeatureConfig
                0x0000000008005fe8       0xca build/stm32f7xx_hal_uart.o
                0x0000000008005fe8                UART_AdvFeatureConfig
 .text.UART_CheckIdleState
                0x00000000080060b2       0x48 build/stm32f7xx_hal_uart.o
                0x00000000080060b2                UART_CheckIdleState
 .text.HAL_UART_Init
                0x00000000080060fa       0x66 build/stm32f7xx_hal_uart.o
                0x00000000080060fa                HAL_UART_Init
 .text.HAL_RCC_OscConfig
                0x0000000008006160      0x3d4 build/stm32f7xx_hal_rcc.o
                0x0000000008006160                HAL_RCC_OscConfig
 .text.HAL_RCC_GetSysClockFreq
                0x0000000008006534       0xa4 build/stm32f7xx_hal_rcc.o
                0x0000000008006534                HAL_RCC_GetSysClockFreq
 .text.HAL_RCC_ClockConfig
                0x00000000080065d8      0x164 build/stm32f7xx_hal_rcc.o
                0x00000000080065d8                HAL_RCC_ClockConfig
 .text.HAL_RCC_GetHCLKFreq
                0x000000000800673c        0xc build/stm32f7xx_hal_rcc.o
                0x000000000800673c                HAL_RCC_GetHCLKFreq
 .text.HAL_RCC_GetPCLK1Freq
                0x0000000008006748       0x20 build/stm32f7xx_hal_rcc.o
                0x0000000008006748                HAL_RCC_GetPCLK1Freq
 .text.HAL_RCC_GetPCLK2Freq
                0x0000000008006768       0x20 build/stm32f7xx_hal_rcc.o
                0x0000000008006768                HAL_RCC_GetPCLK2Freq
 .text.HAL_RCC_GetClockConfig
                0x0000000008006788       0x3c build/stm32f7xx_hal_rcc.o
                0x0000000008006788                HAL_RCC_GetClockConfig
 .text.HAL_RCCEx_PeriphCLKConfig
                0x00000000080067c4      0x5a4 build/stm32f7xx_hal_rcc_ex.o
                0x00000000080067c4                HAL_RCCEx_PeriphCLKConfig
 .text.HAL_GPIO_Init
                0x0000000008006d68      0x1e0 build/stm32f7xx_hal_gpio.o
                0x0000000008006d68                HAL_GPIO_Init
 .text.HAL_GPIO_WritePin
                0x0000000008006f48        0xc build/stm32f7xx_hal_gpio.o
                0x0000000008006f48                HAL_GPIO_WritePin
 .text.DMA_SetConfig
                0x0000000008006f54       0x2c build/stm32f7xx_hal_dma.o
 .text.DMA_CalcBaseAndBitshift
                0x0000000008006f80       0x40 build/stm32f7xx_hal_dma.o
 .text.DMA_CheckFifoParam
                0x0000000008006fc0       0x8e build/stm32f7xx_hal_dma.o
 *fill*         0x000000000800704e        0x2 
 .text.HAL_DMA_Init
                0x0000000008007050       0xcc build/stm32f7xx_hal_dma.o
                0x0000000008007050                HAL_DMA_Init
 .text.HAL_DMA_Start_IT
                0x000000000800711c       0x74 build/stm32f7xx_hal_dma.o
                0x000000000800711c                HAL_DMA_Start_IT
 .text.HAL_DMA_Abort
                0x0000000008007190       0x94 build/stm32f7xx_hal_dma.o
                0x0000000008007190                HAL_DMA_Abort
 .text.HAL_DMA_IRQHandler
                0x0000000008007224      0x1dc build/stm32f7xx_hal_dma.o
                0x0000000008007224                HAL_DMA_IRQHandler
 .text.HAL_PWREx_EnableOverDrive
                0x0000000008007400       0x7c build/stm32f7xx_hal_pwr_ex.o
                0x0000000008007400                HAL_PWREx_EnableOverDrive
 .text.HAL_Init
                0x000000000800747c       0x16 build/stm32f7xx_hal.o
                0x000000000800747c                HAL_Init
 *fill*         0x0000000008007492        0x2 
 .text.HAL_IncTick
                0x0000000008007494       0x18 build/stm32f7xx_hal.o
                0x0000000008007494                HAL_IncTick
 .text.HAL_GetTick
                0x00000000080074ac        0xc build/stm32f7xx_hal.o
                0x00000000080074ac                HAL_GetTick
 .text.HAL_Delay
                0x00000000080074b8       0x28 build/stm32f7xx_hal.o
                0x00000000080074b8                HAL_Delay
 .text.SystemInit
                0x00000000080074e0       0x50 build/system_stm32f7xx.o
                0x00000000080074e0                SystemInit
 .text.ethernet_input
                0x0000000008007530       0xa8 build/ethernet.o
                0x0000000008007530                ethernet_input
 .text.ethernet_output
                0x00000000080075d8       0x70 build/ethernet.o
                0x00000000080075d8                ethernet_output
 .text.sys_timeout
                0x0000000008007648       0xb4 build/timeouts.o
                0x0000000008007648                sys_timeout
 .text.tcp_timer_needed
                0x00000000080076fc       0x3c build/timeouts.o
                0x00000000080076fc                tcp_timer_needed
 .text.tcpip_tcp_timer
                0x0000000008007738       0x38 build/timeouts.o
 .text.sys_timeouts_init
                0x0000000008007770       0x34 build/timeouts.o
                0x0000000008007770                sys_timeouts_init
 .text.cyclic_timer
                0x00000000080077a4       0x18 build/timeouts.o
 .text.sys_check_timeouts
                0x00000000080077bc       0x60 build/timeouts.o
                0x00000000080077bc                sys_check_timeouts
 .text.tcp_remove_listener
                0x000000000800781c       0x14 build/tcp.o
 .text.tcp_new_port
                0x0000000008007830       0x64 build/tcp.o
 .text.tcp_listen_closed
                0x0000000008007894       0x58 build/tcp.o
 .text.tcp_close_shutdown_fin
                0x00000000080078ec       0x84 build/tcp.o
 .text.tcp_init
                0x0000000008007970        0x2 build/tcp.o
                0x0000000008007970                tcp_init
 *fill*         0x0000000008007972        0x2 
 .text.tcp_bind
                0x0000000008007974       0xc8 build/tcp.o
                0x0000000008007974                tcp_bind
 .text.tcp_listen_with_backlog_and_err
                0x0000000008007a3c       0xc0 build/tcp.o
                0x0000000008007a3c                tcp_listen_with_backlog_and_err
 .text.tcp_listen_with_backlog
                0x0000000008007afc        0xa build/tcp.o
                0x0000000008007afc                tcp_listen_with_backlog
 *fill*         0x0000000008007b06        0x2 
 .text.tcp_update_rcv_ann_wnd
                0x0000000008007b08       0x5c build/tcp.o
                0x0000000008007b08                tcp_update_rcv_ann_wnd
 .text.tcp_recved
                0x0000000008007b64       0x84 build/tcp.o
                0x0000000008007b64                tcp_recved
 .text.tcp_seg_free
                0x0000000008007be8       0x1a build/tcp.o
                0x0000000008007be8                tcp_seg_free
 .text.tcp_segs_free
                0x0000000008007c02       0x14 build/tcp.o
                0x0000000008007c02                tcp_segs_free
 .text.tcp_setprio
                0x0000000008007c16        0x4 build/tcp.o
                0x0000000008007c16                tcp_setprio
 .text.tcp_seg_copy
                0x0000000008007c1a       0x28 build/tcp.o
                0x0000000008007c1a                tcp_seg_copy
 .text.tcp_arg  0x0000000008007c42        0x6 build/tcp.o
                0x0000000008007c42                tcp_arg
 .text.tcp_recv
                0x0000000008007c48       0x34 build/tcp.o
                0x0000000008007c48                tcp_recv
 .text.tcp_sent
                0x0000000008007c7c       0x30 build/tcp.o
                0x0000000008007c7c                tcp_sent
 .text.tcp_err  0x0000000008007cac       0x34 build/tcp.o
                0x0000000008007cac                tcp_err
 .text.tcp_accept
                0x0000000008007ce0        0xe build/tcp.o
                0x0000000008007ce0                tcp_accept
 *fill*         0x0000000008007cee        0x2 
 .text.tcp_poll
                0x0000000008007cf0       0x34 build/tcp.o
                0x0000000008007cf0                tcp_poll
 .text.tcp_pcb_purge
                0x0000000008007d24       0x4c build/tcp.o
                0x0000000008007d24                tcp_pcb_purge
 .text.tcp_slowtmr
                0x0000000008007d70      0x404 build/tcp.o
                0x0000000008007d70                tcp_slowtmr
 .text.tcp_pcb_remove
                0x0000000008008174       0xa4 build/tcp.o
                0x0000000008008174                tcp_pcb_remove
 .text.tcp_close_shutdown
                0x0000000008008218      0x150 build/tcp.o
 .text.tcp_close
                0x0000000008008368       0x18 build/tcp.o
                0x0000000008008368                tcp_close
 .text.tcp_recv_null
                0x0000000008008380       0x24 build/tcp.o
                0x0000000008008380                tcp_recv_null
 .text.tcp_process_refused_data
                0x00000000080083a4       0x6a build/tcp.o
                0x00000000080083a4                tcp_process_refused_data
 *fill*         0x000000000800840e        0x2 
 .text.tcp_fasttmr
                0x0000000008008410       0x80 build/tcp.o
                0x0000000008008410                tcp_fasttmr
 .text.tcp_tmr  0x0000000008008490       0x24 build/tcp.o
                0x0000000008008490                tcp_tmr
 .text.tcp_abandon
                0x00000000080084b4       0xf8 build/tcp.o
                0x00000000080084b4                tcp_abandon
 .text.tcp_abort
                0x00000000080085ac        0xa build/tcp.o
                0x00000000080085ac                tcp_abort
 .text.tcp_accept_null
                0x00000000080085b6        0xe build/tcp.o
 .text.tcp_kill_timewait
                0x00000000080085c4       0x34 build/tcp.o
 .text.tcp_kill_prio
                0x00000000080085f8       0x48 build/tcp.o
 .text.tcp_netif_ip_addr_changed_pcblist
                0x0000000008008640       0x20 build/tcp.o
 .text.tcp_kill_state
                0x0000000008008660       0x64 build/tcp.o
 .text.tcp_alloc
                0x00000000080086c4       0xc0 build/tcp.o
                0x00000000080086c4                tcp_alloc
 .text.tcp_new  0x0000000008008784        0xa build/tcp.o
                0x0000000008008784                tcp_new
 *fill*         0x000000000800878e        0x2 
 .text.tcp_next_iss
                0x0000000008008790       0x18 build/tcp.o
                0x0000000008008790                tcp_next_iss
 .text.tcp_eff_send_mss_impl
                0x00000000080087a8       0x1e build/tcp.o
                0x00000000080087a8                tcp_eff_send_mss_impl
 *fill*         0x00000000080087c6        0x2 
 .text.tcp_netif_ip_addr_changed
                0x00000000080087c8       0x54 build/tcp.o
                0x00000000080087c8                tcp_netif_ip_addr_changed
 .text.tcp_create_segment
                0x000000000800881c       0xbc build/tcp_out.o
 .text.tcp_output_alloc_header
                0x00000000080088d8       0x94 build/tcp_out.o
 .text.tcp_output_segment
                0x000000000800896c       0xbc build/tcp_out.o
 .text.tcp_enqueue_flags
                0x0000000008008a28      0x15c build/tcp_out.o
                0x0000000008008a28                tcp_enqueue_flags
 .text.tcp_send_fin
                0x0000000008008b84       0x46 build/tcp_out.o
                0x0000000008008b84                tcp_send_fin
 .text.tcp_send_empty_ack
                0x0000000008008bca       0x72 build/tcp_out.o
                0x0000000008008bca                tcp_send_empty_ack
 .text.tcp_output
                0x0000000008008c3c      0x284 build/tcp_out.o
                0x0000000008008c3c                tcp_output
 .text.tcp_rst  0x0000000008008ec0       0xac build/tcp_out.o
                0x0000000008008ec0                tcp_rst
 .text.tcp_rexmit_rto
                0x0000000008008f6c       0x36 build/tcp_out.o
                0x0000000008008f6c                tcp_rexmit_rto
 .text.tcp_rexmit
                0x0000000008008fa2       0x54 build/tcp_out.o
                0x0000000008008fa2                tcp_rexmit
 .text.tcp_rexmit_fast
                0x0000000008008ff6       0x54 build/tcp_out.o
                0x0000000008008ff6                tcp_rexmit_fast
 .text.tcp_keepalive
                0x000000000800904a       0x58 build/tcp_out.o
                0x000000000800904a                tcp_keepalive
 .text.tcp_zero_window_probe
                0x00000000080090a2       0xd4 build/tcp_out.o
                0x00000000080090a2                tcp_zero_window_probe
 *fill*         0x0000000008009176        0x2 
 .text.tcp_getoptbyte
                0x0000000008009178       0x4c build/tcp_in.o
 .text.tcp_parseopt
                0x00000000080091c4       0x88 build/tcp_in.o
 .text.tcp_input_delayed_close
                0x000000000800924c       0x44 build/tcp_in.o
 .text.tcp_timewait_input
                0x0000000008009290       0x90 build/tcp_in.o
 .text.tcp_listen_input
                0x0000000008009320      0x118 build/tcp_in.o
 .text.tcp_oos_insert_segment
                0x0000000008009438       0x88 build/tcp_in.o
 .text.tcp_receive
                0x00000000080094c0      0xa20 build/tcp_in.o
 .text.tcp_process
                0x0000000008009ee0      0x52c build/tcp_in.o
 .text.tcp_input
                0x000000000800a40c      0x51c build/tcp_in.o
                0x000000000800a40c                tcp_input
 .text.tcp_trigger_input_pcb_close
                0x000000000800a928       0x10 build/tcp_in.o
                0x000000000800a928                tcp_trigger_input_pcb_close
 .text.lwip_init
                0x000000000800a938       0x1c build/init.o
                0x000000000800a938                lwip_init
 .text.udp_new_port
                0x000000000800a954       0x4c build/udp.o
 .text.udp_input_local_match
                0x000000000800a9a0       0x54 build/udp.o
 .text.udp_init
                0x000000000800a9f4        0x2 build/udp.o
                0x000000000800a9f4                udp_init
 *fill*         0x000000000800a9f6        0x2 
 .text.udp_input
                0x000000000800a9f8      0x138 build/udp.o
                0x000000000800a9f8                udp_input
 .text.udp_bind
                0x000000000800ab30       0x8c build/udp.o
                0x000000000800ab30                udp_bind
 .text.udp_sendto_if_src
                0x000000000800abbc       0xd0 build/udp.o
                0x000000000800abbc                udp_sendto_if_src
 .text.udp_sendto_if
                0x000000000800ac8c       0x4e build/udp.o
                0x000000000800ac8c                udp_sendto_if
 *fill*         0x000000000800acda        0x2 
 .text.udp_connect
                0x000000000800acdc       0x68 build/udp.o
                0x000000000800acdc                udp_connect
 .text.udp_recv
                0x000000000800ad44        0x6 build/udp.o
                0x000000000800ad44                udp_recv
 *fill*         0x000000000800ad4a        0x2 
 .text.udp_remove
                0x000000000800ad4c       0x38 build/udp.o
                0x000000000800ad4c                udp_remove
 .text.udp_new  0x000000000800ad84       0x1c build/udp.o
                0x000000000800ad84                udp_new
 .text.udp_netif_ip_addr_changed
                0x000000000800ada0       0x38 build/udp.o
                0x000000000800ada0                udp_netif_ip_addr_changed
 .text.do_memp_malloc_pool
                0x000000000800add8       0x34 build/memp.o
 .text.do_memp_free_pool
                0x000000000800ae0c       0x34 build/memp.o
 .text.memp_init_pool
                0x000000000800ae40       0x28 build/memp.o
                0x000000000800ae40                memp_init_pool
 .text.memp_init
                0x000000000800ae68       0x20 build/memp.o
                0x000000000800ae68                memp_init
 .text.memp_malloc
                0x000000000800ae88       0x34 build/memp.o
                0x000000000800ae88                memp_malloc
 .text.memp_free
                0x000000000800aebc       0x34 build/memp.o
                0x000000000800aebc                memp_free
 .text.lwip_htons
                0x000000000800aef0        0x6 build/def.o
                0x000000000800aef0                lwip_htons
 .text.lwip_htonl
                0x000000000800aef6       0x18 build/def.o
                0x000000000800aef6                lwip_htonl
 .text.netif_issue_reports
                0x000000000800af0e       0x22 build/netif.o
 .text.netif_init
                0x000000000800af30        0x2 build/netif.o
                0x000000000800af30                netif_init
 *fill*         0x000000000800af32        0x2 
 .text.netif_set_ipaddr
                0x000000000800af34       0x4c build/netif.o
                0x000000000800af34                netif_set_ipaddr
 .text.netif_set_gw
                0x000000000800af80        0xc build/netif.o
                0x000000000800af80                netif_set_gw
 .text.netif_set_netmask
                0x000000000800af8c        0xc build/netif.o
                0x000000000800af8c                netif_set_netmask
 .text.netif_set_addr
                0x000000000800af98       0x42 build/netif.o
                0x000000000800af98                netif_set_addr
 *fill*         0x000000000800afda        0x2 
 .text.netif_add
                0x000000000800afdc       0x80 build/netif.o
                0x000000000800afdc                netif_add
 .text.netif_set_default
                0x000000000800b05c        0xc build/netif.o
                0x000000000800b05c                netif_set_default
 .text.netif_set_up
                0x000000000800b068       0x24 build/netif.o
                0x000000000800b068                netif_set_up
 .text.netif_set_down
                0x000000000800b08c       0x22 build/netif.o
                0x000000000800b08c                netif_set_down
 *fill*         0x000000000800b0ae        0x2 
 .text.pbuf_pool_is_empty
                0x000000000800b0b0        0xc build/pbuf.o
 .text.pbuf_header_impl
                0x000000000800b0bc       0xdc build/pbuf.o
 .text.pbuf_free_ooseq
                0x000000000800b198       0x28 build/pbuf.o
                0x000000000800b198                pbuf_free_ooseq
 .text.pbuf_alloced_custom
                0x000000000800b1c0       0x78 build/pbuf.o
                0x000000000800b1c0                pbuf_alloced_custom
 .text.pbuf_header
                0x000000000800b238        0xa build/pbuf.o
                0x000000000800b238                pbuf_header
 .text.pbuf_header_force
                0x000000000800b242        0xa build/pbuf.o
                0x000000000800b242                pbuf_header_force
 .text.pbuf_free
                0x000000000800b24c       0xc8 build/pbuf.o
                0x000000000800b24c                pbuf_free
 .text.pbuf_alloc
                0x000000000800b314      0x1d0 build/pbuf.o
                0x000000000800b314                pbuf_alloc
 .text.pbuf_realloc
                0x000000000800b4e4       0xf0 build/pbuf.o
                0x000000000800b4e4                pbuf_realloc
 .text.pbuf_clen
                0x000000000800b5d4       0x10 build/pbuf.o
                0x000000000800b5d4                pbuf_clen
 .text.pbuf_ref
                0x000000000800b5e4       0x30 build/pbuf.o
                0x000000000800b5e4                pbuf_ref
 .text.pbuf_cat
                0x000000000800b614       0x80 build/pbuf.o
                0x000000000800b614                pbuf_cat
 .text.pbuf_chain
                0x000000000800b694       0x10 build/pbuf.o
                0x000000000800b694                pbuf_chain
 .text.pbuf_copy
                0x000000000800b6a4      0x140 build/pbuf.o
                0x000000000800b6a4                pbuf_copy
 .text.pbuf_copy_partial
                0x000000000800b7e4       0x94 build/pbuf.o
                0x000000000800b7e4                pbuf_copy_partial
 .text.plug_holes
                0x000000000800b878       0xe0 build/mem.o
 .text.mem_init
                0x000000000800b958       0x3c build/mem.o
                0x000000000800b958                mem_init
 .text.mem_free
                0x000000000800b994       0xa4 build/mem.o
                0x000000000800b994                mem_free
 .text.mem_trim
                0x000000000800ba38      0x11c build/mem.o
                0x000000000800ba38                mem_trim
 .text.mem_malloc
                0x000000000800bb54      0x134 build/mem.o
                0x000000000800bb54                mem_malloc
 .text.icmp_send_response
                0x000000000800bc88       0xac build/icmp.o
 .text.icmp_input
                0x000000000800bd34      0x13c build/icmp.o
                0x000000000800bd34                icmp_input
 .text.icmp_dest_unreach
                0x000000000800be70        0xc build/icmp.o
                0x000000000800be70                icmp_dest_unreach
 .text.icmp_time_exceeded
                0x000000000800be7c        0xc build/icmp.o
                0x000000000800be7c                icmp_time_exceeded
 .text.ip_reass_dequeue_datagram
                0x000000000800be88       0x48 build/ip4_frag.o
 .text.ip_reass_free_complete_datagram
                0x000000000800bed0       0xf8 build/ip4_frag.o
 .text.ip_reass_remove_oldest_datagram
                0x000000000800bfc8       0x84 build/ip4_frag.o
 .text.ip_frag_free_pbuf_custom_ref
                0x000000000800c04c       0x2c build/ip4_frag.o
 .text.ipfrag_free_pbuf_custom
                0x000000000800c078       0x34 build/ip4_frag.o
 .text.ip_reass_chain_frag_into_datagram_and_validate
                0x000000000800c0ac      0x184 build/ip4_frag.o
 .text.ip_frag_alloc_pbuf_custom_ref
                0x000000000800c230        0xa build/ip4_frag.o
 *fill*         0x000000000800c23a        0x2 
 .text.ip_reass_enqueue_new_datagram
                0x000000000800c23c       0x64 build/ip4_frag.o
 .text.ip_reass_tmr
                0x000000000800c2a0       0x2c build/ip4_frag.o
                0x000000000800c2a0                ip_reass_tmr
 .text.ip4_reass
                0x000000000800c2cc      0x1a8 build/ip4_frag.o
                0x000000000800c2cc                ip4_reass
 .text.ip4_frag
                0x000000000800c474      0x1f0 build/ip4_frag.o
                0x000000000800c474                ip4_frag
 .text.ip4_route
                0x000000000800c664       0x98 build/ip4.o
                0x000000000800c664                ip4_route
 .text.ip4_input
                0x000000000800c6fc      0x1d4 build/ip4.o
                0x000000000800c6fc                ip4_input
 .text.ip4_output_if_src
                0x000000000800c8d0       0xf4 build/ip4.o
                0x000000000800c8d0                ip4_output_if_src
 .text.ip4_output_if
                0x000000000800c9c4       0x2a build/ip4.o
                0x000000000800c9c4                ip4_output_if
 *fill*         0x000000000800c9ee        0x2 
 .text.etharp_free_entry
                0x000000000800c9f0       0x34 build/etharp.o
 .text.etharp_find_entry
                0x000000000800ca24      0x1ac build/etharp.o
 .text.etharp_update_arp_entry
                0x000000000800cbd0       0xb8 build/etharp.o
 .text.etharp_raw
                0x000000000800cc88       0xe4 build/etharp.o
 .text.etharp_request_dst
                0x000000000800cd6c       0x28 build/etharp.o
 .text.etharp_cleanup_netif
                0x000000000800cd94       0x38 build/etharp.o
                0x000000000800cd94                etharp_cleanup_netif
 .text.etharp_input
                0x000000000800cdcc       0xc8 build/etharp.o
                0x000000000800cdcc                etharp_input
 .text.etharp_request
                0x000000000800ce94       0x10 build/etharp.o
                0x000000000800ce94                etharp_request
 .text.etharp_tmr
                0x000000000800cea4       0x90 build/etharp.o
                0x000000000800cea4                etharp_tmr
 .text.etharp_output_to_arp_index
                0x000000000800cf34       0xd4 build/etharp.o
 .text.etharp_query
                0x000000000800d008      0x1b0 build/etharp.o
                0x000000000800d008                etharp_query
 .text.etharp_output
                0x000000000800d1b8      0x158 build/etharp.o
                0x000000000800d1b8                etharp_output
 .text.ip4_addr_isbroadcast_u32
                0x000000000800d310       0x3e build/ip4_addr.o
                0x000000000800d310                ip4_addr_isbroadcast_u32
 .text.dhcp_set_state
                0x000000000800d34e       0x10 build/dhcp.o
 *fill*         0x000000000800d35e        0x2 
 .text.dhcp_option_short
                0x000000000800d360       0x4c build/dhcp.o
 .text.dhcp_option
                0x000000000800d3ac       0x4c build/dhcp.o
 .text.dhcp_option_byte
                0x000000000800d3f8       0x38 build/dhcp.o
 .text.dhcp_option_trailer
                0x000000000800d430       0x88 build/dhcp.o
 .text.dhcp_option_long
                0x000000000800d4b8       0x70 build/dhcp.o
 .text.dhcp_create_msg
                0x000000000800d528      0x1f0 build/dhcp.o
 .text.dhcp_handle_ack
                0x000000000800d718       0x80 build/dhcp.o
 .text.dhcp_delete_msg
                0x000000000800d798       0x64 build/dhcp.o
 .text.dhcp_discover
                0x000000000800d7fc       0xcc build/dhcp.o
 .text.dhcp_select
                0x000000000800d8c8       0xf8 build/dhcp.o
 .text.dhcp_handle_offer
                0x000000000800d9c0       0x30 build/dhcp.o
 .text.dhcp_decline
                0x000000000800d9f0       0x84 build/dhcp.o
 .text.dhcp_rebind
                0x000000000800da74       0xc4 build/dhcp.o
 .text.dhcp_t2_timeout
                0x000000000800db38       0x34 build/dhcp.o
 .text.dhcp_reboot
                0x000000000800db6c       0xe0 build/dhcp.o
 .text.dhcp_check
                0x000000000800dc4c       0x2a build/dhcp.o
 *fill*         0x000000000800dc76        0x2 
 .text.dhcp_bind
                0x000000000800dc78      0x12c build/dhcp.o
 .text.dhcp_handle_nak
                0x000000000800dda4       0x24 build/dhcp.o
 .text.dhcp_dec_pcb_refcount
                0x000000000800ddc8       0x48 build/dhcp.o
 .text.dhcp_inc_pcb_refcount
                0x000000000800de10       0x7c build/dhcp.o
 .text.dhcp_parse_reply
                0x000000000800de8c      0x45c build/dhcp.o
 .text.dhcp_recv
                0x000000000800e2e8      0x114 build/dhcp.o
 .text.dhcp_arp_reply
                0x000000000800e3fc       0x40 build/dhcp.o
                0x000000000800e3fc                dhcp_arp_reply
 .text.dhcp_renew
                0x000000000800e43c       0xc4 build/dhcp.o
                0x000000000800e43c                dhcp_renew
 .text.dhcp_t1_timeout
                0x000000000800e500       0x32 build/dhcp.o
 *fill*         0x000000000800e532        0x2 
 .text.dhcp_stop
                0x000000000800e534       0x54 build/dhcp.o
                0x000000000800e534                dhcp_stop
 .text.dhcp_start
                0x000000000800e588       0xdc build/dhcp.o
                0x000000000800e588                dhcp_start
 .text.dhcp_supplied_address
                0x000000000800e664       0x2a build/dhcp.o
                0x000000000800e664                dhcp_supplied_address
 *fill*         0x000000000800e68e        0x2 
 .text.dhcp_release
                0x000000000800e690       0xac build/dhcp.o
                0x000000000800e690                dhcp_release
 .text.dhcp_coarse_tmr
                0x000000000800e73c       0x64 build/dhcp.o
                0x000000000800e73c                dhcp_coarse_tmr
 .text.dhcp_timeout
                0x000000000800e7a0       0x5e build/dhcp.o
 *fill*         0x000000000800e7fe        0x2 
 .text.dhcp_fine_tmr
                0x000000000800e800       0x34 build/dhcp.o
                0x000000000800e800                dhcp_fine_tmr
 .text.USBD_Init
                0x000000000800e834       0x48 build/usbd_core.o
                0x000000000800e834                USBD_Init
 .text.USBD_RegisterClass
                0x000000000800e87c       0x2c build/usbd_core.o
                0x000000000800e87c                USBD_RegisterClass
 .text.USBD_Start
                0x000000000800e8a8        0xa build/usbd_core.o
                0x000000000800e8a8                USBD_Start
 .text.USBD_SetClassConfig
                0x000000000800e8b2       0x1c build/usbd_core.o
                0x000000000800e8b2                USBD_SetClassConfig
 .text.USBD_ClrClassConfig
                0x000000000800e8ce        0xe build/usbd_core.o
                0x000000000800e8ce                USBD_ClrClassConfig
 .text.USBD_LL_SetupStage
                0x000000000800e8dc       0x5c build/usbd_core.o
                0x000000000800e8dc                USBD_LL_SetupStage
 .text.USBD_LL_DataOutStage
                0x000000000800e938       0x8c build/usbd_core.o
                0x000000000800e938                USBD_LL_DataOutStage
 .text.USBD_LL_DataInStage
                0x000000000800e9c4       0xd8 build/usbd_core.o
                0x000000000800e9c4                USBD_LL_DataInStage
 .text.USBD_LL_Reset
                0x000000000800ea9c       0x50 build/usbd_core.o
                0x000000000800ea9c                USBD_LL_Reset
 .text.USBD_LL_SetSpeed
                0x000000000800eaec        0x6 build/usbd_core.o
                0x000000000800eaec                USBD_LL_SetSpeed
 .text.USBD_LL_Suspend
                0x000000000800eaf2       0x12 build/usbd_core.o
                0x000000000800eaf2                USBD_LL_Suspend
 .text.USBD_LL_Resume
                0x000000000800eb04        0xc build/usbd_core.o
                0x000000000800eb04                USBD_LL_Resume
 .text.USBD_LL_SOF
                0x000000000800eb10       0x1c build/usbd_core.o
                0x000000000800eb10                USBD_LL_SOF
 .text.USBD_LL_IsoINIncomplete
                0x000000000800eb2c        0x4 build/usbd_core.o
                0x000000000800eb2c                USBD_LL_IsoINIncomplete
 .text.USBD_LL_IsoOUTIncomplete
                0x000000000800eb30        0x4 build/usbd_core.o
                0x000000000800eb30                USBD_LL_IsoOUTIncomplete
 .text.USBD_LL_DevConnected
                0x000000000800eb34        0x4 build/usbd_core.o
                0x000000000800eb34                USBD_LL_DevConnected
 .text.USBD_LL_DevDisconnected
                0x000000000800eb38       0x16 build/usbd_core.o
                0x000000000800eb38                USBD_LL_DevDisconnected
 .text.USBD_GetLen
                0x000000000800eb4e       0x12 build/usbd_ctlreq.o
 .text.USBD_SetFeature
                0x000000000800eb60       0x14 build/usbd_ctlreq.o
 .text.USBD_ParseSetupRequest
                0x000000000800eb74       0x28 build/usbd_ctlreq.o
                0x000000000800eb74                USBD_ParseSetupRequest
 .text.USBD_CtlError
                0x000000000800eb9c       0x14 build/usbd_ctlreq.o
                0x000000000800eb9c                USBD_CtlError
 .text.USBD_GetDescriptor
                0x000000000800ebb0      0x15a build/usbd_ctlreq.o
 .text.USBD_SetAddress
                0x000000000800ed0a       0x4e build/usbd_ctlreq.o
 .text.USBD_SetConfig
                0x000000000800ed58       0xb0 build/usbd_ctlreq.o
 .text.USBD_GetConfig
                0x000000000800ee08       0x3e build/usbd_ctlreq.o
 .text.USBD_GetStatus
                0x000000000800ee46       0x38 build/usbd_ctlreq.o
 .text.USBD_ClrFeature
                0x000000000800ee7e       0x26 build/usbd_ctlreq.o
 .text.USBD_StdDevReq
                0x000000000800eea4       0x68 build/usbd_ctlreq.o
                0x000000000800eea4                USBD_StdDevReq
 .text.USBD_StdItfReq
                0x000000000800ef0c       0x60 build/usbd_ctlreq.o
                0x000000000800ef0c                USBD_StdItfReq
 .text.USBD_StdEPReq
                0x000000000800ef6c      0x220 build/usbd_ctlreq.o
                0x000000000800ef6c                USBD_StdEPReq
 .text.USBD_GetString
                0x000000000800f18c       0x36 build/usbd_ctlreq.o
                0x000000000800f18c                USBD_GetString
 .text.USBD_CtlSendData
                0x000000000800f1c2       0x1a build/usbd_ioreq.o
                0x000000000800f1c2                USBD_CtlSendData
 .text.USBD_CtlContinueSendData
                0x000000000800f1dc       0x10 build/usbd_ioreq.o
                0x000000000800f1dc                USBD_CtlContinueSendData
 .text.USBD_CtlPrepareRx
                0x000000000800f1ec       0x1e build/usbd_ioreq.o
                0x000000000800f1ec                USBD_CtlPrepareRx
 .text.USBD_CtlContinueRx
                0x000000000800f20a       0x10 build/usbd_ioreq.o
                0x000000000800f20a                USBD_CtlContinueRx
 .text.USBD_CtlSendStatus
                0x000000000800f21a       0x16 build/usbd_ioreq.o
                0x000000000800f21a                USBD_CtlSendStatus
 .text.USBD_CtlReceiveStatus
                0x000000000800f230       0x16 build/usbd_ioreq.o
                0x000000000800f230                USBD_CtlReceiveStatus
 .text.USBD_CDC_EP0_RxReady
                0x000000000800f246       0x28 build/usbd_cdc.o
 *fill*         0x000000000800f26e        0x2 
 .text.USBD_CDC_GetFSCfgDesc
                0x000000000800f270        0xc build/usbd_cdc.o
 .text.USBD_CDC_GetHSCfgDesc
                0x000000000800f27c        0xc build/usbd_cdc.o
 .text.USBD_CDC_GetOtherSpeedCfgDesc
                0x000000000800f288        0xc build/usbd_cdc.o
 .text.USBD_CDC_GetDeviceQualifierDescriptor
                0x000000000800f294        0xc build/usbd_cdc.o
                0x000000000800f294                USBD_CDC_GetDeviceQualifierDescriptor
 .text.USBD_CDC_DataOut
                0x000000000800f2a0       0x2e build/usbd_cdc.o
 .text.USBD_CDC_DataIn
                0x000000000800f2ce       0x4e build/usbd_cdc.o
 .text.USBD_CDC_Setup
                0x000000000800f31c       0xd6 build/usbd_cdc.o
 .text.USBD_CDC_DeInit
                0x000000000800f3f2       0x42 build/usbd_cdc.o
 .text.USBD_CDC_Init
                0x000000000800f434       0xaa build/usbd_cdc.o
 .text.USBD_CDC_RegisterInterface
                0x000000000800f4de        0xe build/usbd_cdc.o
                0x000000000800f4de                USBD_CDC_RegisterInterface
 .text.USBD_CDC_SetTxBuffer
                0x000000000800f4ec       0x10 build/usbd_cdc.o
                0x000000000800f4ec                USBD_CDC_SetTxBuffer
 .text.USBD_CDC_SetRxBuffer
                0x000000000800f4fc        0xc build/usbd_cdc.o
                0x000000000800f4fc                USBD_CDC_SetRxBuffer
 .text.USBD_CDC_TransmitPacket
                0x000000000800f508       0x34 build/usbd_cdc.o
                0x000000000800f508                USBD_CDC_TransmitPacket
 .text.USBD_CDC_ReceivePacket
                0x000000000800f53c       0x30 build/usbd_cdc.o
                0x000000000800f53c                USBD_CDC_ReceivePacket
 .text.Reset_Handler
                0x000000000800f56c       0x50 build/startup_stm32f746xx.o
                0x000000000800f56c                Reset_Handler
 .text.Default_Handler
                0x000000000800f5bc        0x2 build/startup_stm32f746xx.o
                0x000000000800f5bc                RTC_Alarm_IRQHandler
                0x000000000800f5bc                EXTI2_IRQHandler
                0x000000000800f5bc                TIM8_CC_IRQHandler
                0x000000000800f5bc                UART8_IRQHandler
                0x000000000800f5bc                SPI4_IRQHandler
                0x000000000800f5bc                TIM1_CC_IRQHandler
                0x000000000800f5bc                DMA2_Stream5_IRQHandler
                0x000000000800f5bc                DMA1_Stream5_IRQHandler
                0x000000000800f5bc                PVD_IRQHandler
                0x000000000800f5bc                TAMP_STAMP_IRQHandler
                0x000000000800f5bc                CAN2_RX1_IRQHandler
                0x000000000800f5bc                EXTI3_IRQHandler
                0x000000000800f5bc                TIM1_UP_TIM10_IRQHandler
                0x000000000800f5bc                TIM8_UP_TIM13_IRQHandler
                0x000000000800f5bc                I2C3_ER_IRQHandler
                0x000000000800f5bc                EXTI0_IRQHandler
                0x000000000800f5bc                I2C2_EV_IRQHandler
                0x000000000800f5bc                DMA1_Stream2_IRQHandler
                0x000000000800f5bc                CAN1_RX0_IRQHandler
                0x000000000800f5bc                FPU_IRQHandler
                0x000000000800f5bc                OTG_HS_WKUP_IRQHandler
                0x000000000800f5bc                LTDC_ER_IRQHandler
                0x000000000800f5bc                CAN2_SCE_IRQHandler
                0x000000000800f5bc                DMA2_Stream2_IRQHandler
                0x000000000800f5bc                SPI1_IRQHandler
                0x000000000800f5bc                DCMI_IRQHandler
                0x000000000800f5bc                CAN2_RX0_IRQHandler
                0x000000000800f5bc                DMA2_Stream3_IRQHandler
                0x000000000800f5bc                SAI2_IRQHandler
                0x000000000800f5bc                USART6_IRQHandler
                0x000000000800f5bc                USART3_IRQHandler
                0x000000000800f5bc                CAN1_RX1_IRQHandler
                0x000000000800f5bc                UART5_IRQHandler
                0x000000000800f5bc                DMA2_Stream0_IRQHandler
                0x000000000800f5bc                TIM4_IRQHandler
                0x000000000800f5bc                QUADSPI_IRQHandler
                0x000000000800f5bc                I2C1_EV_IRQHandler
                0x000000000800f5bc                DMA1_Stream6_IRQHandler
                0x000000000800f5bc                DMA1_Stream1_IRQHandler
                0x000000000800f5bc                UART4_IRQHandler
                0x000000000800f5bc                TIM3_IRQHandler
                0x000000000800f5bc                RCC_IRQHandler
                0x000000000800f5bc                TIM8_BRK_TIM12_IRQHandler
                0x000000000800f5bc                Default_Handler
                0x000000000800f5bc                CEC_IRQHandler
                0x000000000800f5bc                EXTI15_10_IRQHandler
                0x000000000800f5bc                ADC_IRQHandler
                0x000000000800f5bc                DMA1_Stream7_IRQHandler
                0x000000000800f5bc                SPI5_IRQHandler
                0x000000000800f5bc                TIM7_IRQHandler
                0x000000000800f5bc                SDMMC1_IRQHandler
                0x000000000800f5bc                CAN2_TX_IRQHandler
                0x000000000800f5bc                TIM5_IRQHandler
                0x000000000800f5bc                DMA2_Stream7_IRQHandler
                0x000000000800f5bc                I2C3_EV_IRQHandler
                0x000000000800f5bc                EXTI9_5_IRQHandler
                0x000000000800f5bc                RTC_WKUP_IRQHandler
                0x000000000800f5bc                LTDC_IRQHandler
                0x000000000800f5bc                ETH_WKUP_IRQHandler
                0x000000000800f5bc                SPDIF_RX_IRQHandler
                0x000000000800f5bc                SPI2_IRQHandler
                0x000000000800f5bc                OTG_HS_EP1_IN_IRQHandler
                0x000000000800f5bc                DMA1_Stream0_IRQHandler
                0x000000000800f5bc                CAN1_TX_IRQHandler
                0x000000000800f5bc                EXTI4_IRQHandler
                0x000000000800f5bc                RNG_IRQHandler
                0x000000000800f5bc                ETH_IRQHandler
                0x000000000800f5bc                OTG_HS_EP1_OUT_IRQHandler
                0x000000000800f5bc                WWDG_IRQHandler
                0x000000000800f5bc                SPI6_IRQHandler
                0x000000000800f5bc                I2C4_EV_IRQHandler
                0x000000000800f5bc                TIM2_IRQHandler
                0x000000000800f5bc                OTG_FS_WKUP_IRQHandler
                0x000000000800f5bc                TIM1_TRG_COM_TIM11_IRQHandler
                0x000000000800f5bc                OTG_HS_IRQHandler
                0x000000000800f5bc                DMA2D_IRQHandler
                0x000000000800f5bc                EXTI1_IRQHandler
                0x000000000800f5bc                UART7_IRQHandler
                0x000000000800f5bc                USART2_IRQHandler
                0x000000000800f5bc                I2C2_ER_IRQHandler
                0x000000000800f5bc                DMA2_Stream1_IRQHandler
                0x000000000800f5bc                CAN1_SCE_IRQHandler
                0x000000000800f5bc                FLASH_IRQHandler
                0x000000000800f5bc                DMA2_Stream4_IRQHandler
                0x000000000800f5bc                USART1_IRQHandler
                0x000000000800f5bc                SPI3_IRQHandler
                0x000000000800f5bc                I2C1_ER_IRQHandler
                0x000000000800f5bc                FMC_IRQHandler
                0x000000000800f5bc                LPTIM1_IRQHandler
                0x000000000800f5bc                I2C4_ER_IRQHandler
                0x000000000800f5bc                SAI1_IRQHandler
                0x000000000800f5bc                DMA1_Stream3_IRQHandler
 *fill*         0x000000000800f5be        0x2 
 .text.__libc_init_array
                0x000000000800f5c0       0x48 /usr/lib/gcc/arm-none-eabi/8.3.0/../../../../arm-none-eabi/lib/thumb/v7e-m+fp/hard/libc_nano.a(lib_a-init.o)
                0x000000000800f5c0                __libc_init_array
 .text.malloc   0x000000000800f608       0x10 /usr/lib/gcc/arm-none-eabi/8.3.0/../../../../arm-none-eabi/lib/thumb/v7e-m+fp/hard/libc_nano.a(lib_a-malloc.o)
                0x000000000800f608                malloc
 .text.free     0x000000000800f618       0x10 /usr/lib/gcc/arm-none-eabi/8.3.0/../../../../arm-none-eabi/lib/thumb/v7e-m+fp/hard/libc_nano.a(lib_a-malloc.o)
                0x000000000800f618                free
 .text.memcmp   0x000000000800f628       0x1c /usr/lib/gcc/arm-none-eabi/8.3.0/../../../../arm-none-eabi/lib/thumb/v7e-m+fp/hard/libc_nano.a(lib_a-memcmp.o)
                0x000000000800f628                memcmp
 .text.memcpy   0x000000000800f644       0x1c /usr/lib/gcc/arm-none-eabi/8.3.0/../../../../arm-none-eabi/lib/thumb/v7e-m+fp/hard/libc_nano.a(lib_a-memcpy-stub.o)
                0x000000000800f644                memcpy
 .text.memset   0x000000000800f660       0x10 /usr/lib/gcc/arm-none-eabi/8.3.0/../../../../arm-none-eabi/lib/thumb/v7e-m+fp/hard/libc_nano.a(lib_a-memset.o)
                0x000000000800f660                memset
 .text._free_r  0x000000000800f670       0x9c /usr/lib/gcc/arm-none-eabi/8.3.0/../../../../arm-none-eabi/lib/thumb/v7e-m+fp/hard/libc_nano.a(lib_a-nano-freer.o)
                0x000000000800f670                _free_r
 .text._malloc_r
                0x000000000800f70c       0xb4 /usr/lib/gcc/arm-none-eabi/8.3.0/../../../../arm-none-eabi/lib/thumb/v7e-m+fp/hard/libc_nano.a(lib_a-nano-mallocr.o)
                0x000000000800f70c                _malloc_r
 .text.printf   0x000000000800f7c0       0x30 /usr/lib/gcc/arm-none-eabi/8.3.0/../../../../arm-none-eabi/lib/thumb/v7e-m+fp/hard/libc_nano.a(lib_a-printf.o)
                0x000000000800f7c0                printf
                0x000000000800f7c0                iprintf
 .text.putchar  0x000000000800f7f0       0x28 /usr/lib/gcc/arm-none-eabi/8.3.0/../../../../arm-none-eabi/lib/thumb/v7e-m+fp/hard/libc_nano.a(lib_a-putchar.o)
                0x000000000800f7f0                putchar
 .text._putc_r  0x000000000800f818       0x6c /usr/lib/gcc/arm-none-eabi/8.3.0/../../../../arm-none-eabi/lib/thumb/v7e-m+fp/hard/libc_nano.a(lib_a-putc.o)
                0x000000000800f818                _putc_r
 .text.rand     0x000000000800f884       0x68 /usr/lib/gcc/arm-none-eabi/8.3.0/../../../../arm-none-eabi/lib/thumb/v7e-m+fp/hard/libc_nano.a(lib_a-rand.o)
                0x000000000800f884                rand
 .text._sbrk_r  0x000000000800f8ec       0x20 /usr/lib/gcc/arm-none-eabi/8.3.0/../../../../arm-none-eabi/lib/thumb/v7e-m+fp/hard/libc_nano.a(lib_a-sbrkr.o)
                0x000000000800f8ec                _sbrk_r
 .text.sprintf  0x000000000800f90c       0x40 /usr/lib/gcc/arm-none-eabi/8.3.0/../../../../arm-none-eabi/lib/thumb/v7e-m+fp/hard/libc_nano.a(lib_a-sprintf.o)
                0x000000000800f90c                sprintf
                0x000000000800f90c                siprintf
 .text.__swbuf_r
                0x000000000800f94c       0xa4 /usr/lib/gcc/arm-none-eabi/8.3.0/../../../../arm-none-eabi/lib/thumb/v7e-m+fp/hard/libc_nano.a(lib_a-wbuf.o)
                0x000000000800f94c                __swbuf_r
 .text.__swsetup_r
                0x000000000800f9f0       0xdc /usr/lib/gcc/arm-none-eabi/8.3.0/../../../../arm-none-eabi/lib/thumb/v7e-m+fp/hard/libc_nano.a(lib_a-wsetup.o)
                0x000000000800f9f0                __swsetup_r
 .text.__sflush_r
                0x000000000800facc      0x10c /usr/lib/gcc/arm-none-eabi/8.3.0/../../../../arm-none-eabi/lib/thumb/v7e-m+fp/hard/libc_nano.a(lib_a-fflush.o)
                0x000000000800facc                __sflush_r
 .text._fflush_r
                0x000000000800fbd8       0x54 /usr/lib/gcc/arm-none-eabi/8.3.0/../../../../arm-none-eabi/lib/thumb/v7e-m+fp/hard/libc_nano.a(lib_a-fflush.o)
                0x000000000800fbd8                _fflush_r
 .text.std      0x000000000800fc2c       0x48 /usr/lib/gcc/arm-none-eabi/8.3.0/../../../../arm-none-eabi/lib/thumb/v7e-m+fp/hard/libc_nano.a(lib_a-findfp.o)
 .text._cleanup_r
                0x000000000800fc74        0xc /usr/lib/gcc/arm-none-eabi/8.3.0/../../../../arm-none-eabi/lib/thumb/v7e-m+fp/hard/libc_nano.a(lib_a-findfp.o)
                0x000000000800fc74                _cleanup_r
 .text.__sfmoreglue
                0x000000000800fc80       0x2c /usr/lib/gcc/arm-none-eabi/8.3.0/../../../../arm-none-eabi/lib/thumb/v7e-m+fp/hard/libc_nano.a(lib_a-findfp.o)
                0x000000000800fc80                __sfmoreglue
 .text.__sinit  0x000000000800fcac       0x60 /usr/lib/gcc/arm-none-eabi/8.3.0/../../../../arm-none-eabi/lib/thumb/v7e-m+fp/hard/libc_nano.a(lib_a-findfp.o)
                0x000000000800fcac                __sinit
 .text.__sfp    0x000000000800fd0c       0x78 /usr/lib/gcc/arm-none-eabi/8.3.0/../../../../arm-none-eabi/lib/thumb/v7e-m+fp/hard/libc_nano.a(lib_a-findfp.o)
                0x000000000800fd0c                __sfp
 .text._fwalk_reent
                0x000000000800fd84       0x3c /usr/lib/gcc/arm-none-eabi/8.3.0/../../../../arm-none-eabi/lib/thumb/v7e-m+fp/hard/libc_nano.a(lib_a-fwalk.o)
                0x000000000800fd84                _fwalk_reent
 .text.__swhatbuf_r
                0x000000000800fdc0       0x48 /usr/lib/gcc/arm-none-eabi/8.3.0/../../../../arm-none-eabi/lib/thumb/v7e-m+fp/hard/libc_nano.a(lib_a-makebuf.o)
                0x000000000800fdc0                __swhatbuf_r
 .text.__smakebuf_r
                0x000000000800fe08       0x80 /usr/lib/gcc/arm-none-eabi/8.3.0/../../../../arm-none-eabi/lib/thumb/v7e-m+fp/hard/libc_nano.a(lib_a-makebuf.o)
                0x000000000800fe08                __smakebuf_r
 .text.__malloc_lock
                0x000000000800fe88        0x2 /usr/lib/gcc/arm-none-eabi/8.3.0/../../../../arm-none-eabi/lib/thumb/v7e-m+fp/hard/libc_nano.a(lib_a-mlock.o)
                0x000000000800fe88                __malloc_lock
 .text.__malloc_unlock
                0x000000000800fe8a        0x2 /usr/lib/gcc/arm-none-eabi/8.3.0/../../../../arm-none-eabi/lib/thumb/v7e-m+fp/hard/libc_nano.a(lib_a-mlock.o)
                0x000000000800fe8a                __malloc_unlock
 .text.__ssputs_r
                0x000000000800fe8c       0xb6 /usr/lib/gcc/arm-none-eabi/8.3.0/../../../../arm-none-eabi/lib/thumb/v7e-m+fp/hard/libc_nano.a(lib_a-nano-svfprintf.o)
                0x000000000800fe8c                __ssputs_r
 *fill*         0x000000000800ff42        0x2 
 .text._svfprintf_r
                0x000000000800ff44      0x1f0 /usr/lib/gcc/arm-none-eabi/8.3.0/../../../../arm-none-eabi/lib/thumb/v7e-m+fp/hard/libc_nano.a(lib_a-nano-svfprintf.o)
                0x000000000800ff44                _svfprintf_r
                0x000000000800ff44                _svfiprintf_r
 .text._printf_common
                0x0000000008010134       0xea /usr/lib/gcc/arm-none-eabi/8.3.0/../../../../arm-none-eabi/lib/thumb/v7e-m+fp/hard/libc_nano.a(lib_a-nano-vfprintf_i.o)
                0x0000000008010134                _printf_common
 *fill*         0x000000000801021e        0x2 
 .text._printf_i
                0x0000000008010220      0x228 /usr/lib/gcc/arm-none-eabi/8.3.0/../../../../arm-none-eabi/lib/thumb/v7e-m+fp/hard/libc_nano.a(lib_a-nano-vfprintf_i.o)
                0x0000000008010220                _printf_i
 .text.__sfputc_r
                0x0000000008010448       0x2e /usr/lib/gcc/arm-none-eabi/8.3.0/../../../../arm-none-eabi/lib/thumb/v7e-m+fp/hard/libc_nano.a(lib_a-nano-vfprintf.o)
 .text.__sfputs_r
                0x0000000008010476       0x24 /usr/lib/gcc/arm-none-eabi/8.3.0/../../../../arm-none-eabi/lib/thumb/v7e-m+fp/hard/libc_nano.a(lib_a-nano-vfprintf.o)
                0x0000000008010476                __sfputs_r
 *fill*         0x000000000801049a        0x2 
 .text._vfprintf_r
                0x000000000801049c      0x218 /usr/lib/gcc/arm-none-eabi/8.3.0/../../../../arm-none-eabi/lib/thumb/v7e-m+fp/hard/libc_nano.a(lib_a-nano-vfprintf.o)
                0x000000000801049c                _vfiprintf_r
                0x000000000801049c                _vfprintf_r
 .text.__sread  0x00000000080106b4       0x22 /usr/lib/gcc/arm-none-eabi/8.3.0/../../../../arm-none-eabi/lib/thumb/v7e-m+fp/hard/libc_nano.a(lib_a-stdio.o)
                0x00000000080106b4                __sread
 .text.__swrite
                0x00000000080106d6       0x38 /usr/lib/gcc/arm-none-eabi/8.3.0/../../../../arm-none-eabi/lib/thumb/v7e-m+fp/hard/libc_nano.a(lib_a-stdio.o)
                0x00000000080106d6                __swrite
 .text.__sseek  0x000000000801070e       0x24 /usr/lib/gcc/arm-none-eabi/8.3.0/../../../../arm-none-eabi/lib/thumb/v7e-m+fp/hard/libc_nano.a(lib_a-stdio.o)
                0x000000000801070e                __sseek
 .text.__sclose
                0x0000000008010732        0x8 /usr/lib/gcc/arm-none-eabi/8.3.0/../../../../arm-none-eabi/lib/thumb/v7e-m+fp/hard/libc_nano.a(lib_a-stdio.o)
                0x0000000008010732                __sclose
 *fill*         0x000000000801073a        0x2 
 .text._write_r
                0x000000000801073c       0x24 /usr/lib/gcc/arm-none-eabi/8.3.0/../../../../arm-none-eabi/lib/thumb/v7e-m+fp/hard/libc_nano.a(lib_a-writer.o)
                0x000000000801073c                _write_r
 .text._close_r
                0x0000000008010760       0x20 /usr/lib/gcc/arm-none-eabi/8.3.0/../../../../arm-none-eabi/lib/thumb/v7e-m+fp/hard/libc_nano.a(lib_a-closer.o)
                0x0000000008010760                _close_r
 .text._fstat_r
                0x0000000008010780       0x24 /usr/lib/gcc/arm-none-eabi/8.3.0/../../../../arm-none-eabi/lib/thumb/v7e-m+fp/hard/libc_nano.a(lib_a-fstatr.o)
                0x0000000008010780                _fstat_r
 .text._isatty_r
                0x00000000080107a4       0x20 /usr/lib/gcc/arm-none-eabi/8.3.0/../../../../arm-none-eabi/lib/thumb/v7e-m+fp/hard/libc_nano.a(lib_a-isattyr.o)
                0x00000000080107a4                _isatty_r
 .text._lseek_r
                0x00000000080107c4       0x24 /usr/lib/gcc/arm-none-eabi/8.3.0/../../../../arm-none-eabi/lib/thumb/v7e-m+fp/hard/libc_nano.a(lib_a-lseekr.o)
                0x00000000080107c4                _lseek_r
 .text.memmove  0x00000000080107e8       0x34 /usr/lib/gcc/arm-none-eabi/8.3.0/../../../../arm-none-eabi/lib/thumb/v7e-m+fp/hard/libc_nano.a(lib_a-memmove.o)
                0x00000000080107e8                memmove
 .text._realloc_r
                0x000000000801081c       0x4c /usr/lib/gcc/arm-none-eabi/8.3.0/../../../../arm-none-eabi/lib/thumb/v7e-m+fp/hard/libc_nano.a(lib_a-nano-reallocr.o)
                0x000000000801081c                _realloc_r
 .text._read_r  0x0000000008010868       0x24 /usr/lib/gcc/arm-none-eabi/8.3.0/../../../../arm-none-eabi/lib/thumb/v7e-m+fp/hard/libc_nano.a(lib_a-readr.o)
                0x0000000008010868                _read_r
 .text._malloc_usable_size_r
                0x000000000801088c       0x10 /usr/lib/gcc/arm-none-eabi/8.3.0/../../../../arm-none-eabi/lib/thumb/v7e-m+fp/hard/libc_nano.a(lib_a-nano-msizer.o)
                0x000000000801088c                _malloc_usable_size_r
 .text._close   0x000000000801089c       0x10 /usr/lib/gcc/arm-none-eabi/8.3.0/../../../../arm-none-eabi/lib/thumb/v7e-m+fp/hard/libnosys.a(close.o)
                0x000000000801089c                _close
 .text._fstat   0x00000000080108ac       0x10 /usr/lib/gcc/arm-none-eabi/8.3.0/../../../../arm-none-eabi/lib/thumb/v7e-m+fp/hard/libnosys.a(fstat.o)
                0x00000000080108ac                _fstat
 .text._isatty  0x00000000080108bc       0x10 /usr/lib/gcc/arm-none-eabi/8.3.0/../../../../arm-none-eabi/lib/thumb/v7e-m+fp/hard/libnosys.a(isatty.o)
                0x00000000080108bc                _isatty
 .text._lseek   0x00000000080108cc       0x10 /usr/lib/gcc/arm-none-eabi/8.3.0/../../../../arm-none-eabi/lib/thumb/v7e-m+fp/hard/libnosys.a(lseek.o)
                0x00000000080108cc                _lseek
 .text._read    0x00000000080108dc       0x10 /usr/lib/gcc/arm-none-eabi/8.3.0/../../../../arm-none-eabi/lib/thumb/v7e-m+fp/hard/libnosys.a(read.o)
                0x00000000080108dc                _read
 .text._sbrk    0x00000000080108ec       0x1c /usr/lib/gcc/arm-none-eabi/8.3.0/../../../../arm-none-eabi/lib/thumb/v7e-m+fp/hard/libnosys.a(sbrk.o)
                0x00000000080108ec                _sbrk
 .text._write   0x0000000008010908       0x10 /usr/lib/gcc/arm-none-eabi/8.3.0/../../../../arm-none-eabi/lib/thumb/v7e-m+fp/hard/libnosys.a(write.o)
                0x0000000008010908                _write
 .text.__udivmoddi4
                0x0000000008010918      0x2b4 /usr/lib/gcc/arm-none-eabi/8.3.0/thumb/v7e-m+fp/hard/libgcc.a(_udivmoddi4.o)
                0x0000000008010918                __udivmoddi4
 *(.glue_7)
 .glue_7        0x0000000008010bcc        0x0 linker stubs
 *(.glue_7t)
 .glue_7t       0x0000000008010bcc        0x0 linker stubs
 *(.eh_frame)
 .eh_frame      0x0000000008010bcc        0x0 /usr/lib/gcc/arm-none-eabi/8.3.0/thumb/v7e-m+fp/hard/crtbegin.o
 *(.init)
 .init          0x0000000008010bcc        0x4 /usr/lib/gcc/arm-none-eabi/8.3.0/thumb/v7e-m+fp/hard/crti.o
                0x0000000008010bcc                _init
 .init          0x0000000008010bd0        0x8 /usr/lib/gcc/arm-none-eabi/8.3.0/thumb/v7e-m+fp/hard/crtn.o
 *(.fini)
 .fini          0x0000000008010bd8        0x4 /usr/lib/gcc/arm-none-eabi/8.3.0/thumb/v7e-m+fp/hard/crti.o
                0x0000000008010bd8                _fini
 .fini          0x0000000008010bdc        0x8 /usr/lib/gcc/arm-none-eabi/8.3.0/thumb/v7e-m+fp/hard/crtn.o
                0x0000000008010be4                . = ALIGN (0x4)
                0x0000000008010be4                _etext = .

.vfp11_veneer   0x0000000008010be4        0x0
 .vfp11_veneer  0x0000000008010be4        0x0 linker stubs

.v4_bx          0x0000000008010be4        0x0
 .v4_bx         0x0000000008010be4        0x0 linker stubs

.iplt           0x0000000008010be4        0x0
 .iplt          0x0000000008010be4        0x0 /usr/lib/gcc/arm-none-eabi/8.3.0/thumb/v7e-m+fp/hard/crtbegin.o

.rodata         0x0000000008010be4     0x1e0c
                0x0000000008010be4                . = ALIGN (0x4)
 *(.rodata)
 *(.rodata*)
 .rodata.MX_DMA_Init.str1.4
                0x0000000008010be4        0xb build/main.o
 *fill*         0x0000000008010bef        0x1 
 .rodata._Error_Handler.str1.4
                0x0000000008010bf0       0x1b build/main.o
 *fill*         0x0000000008010c0b        0x1 
 .rodata.tcp_poll_timeout.str1.4
                0x0000000008010c0c       0x14 build/main.o
 .rodata.tcp_receive_callback.str1.4
                0x0000000008010c20       0x4c build/main.o
 .rodata.tcp_setup.str1.4
                0x0000000008010c6c       0xab build/main.o
 *fill*         0x0000000008010d17        0x1 
 .rodata.ethernetif_init.str1.4
                0x0000000008010d18       0x4c build/ethernetif.o
 .rodata.USBD_LL_Init.str1.4
                0x0000000008010d64       0x10 build/usbd_conf.o
 .rodata.USBD_FS_ConfigStrDescriptor.str1.4
                0x0000000008010d74        0xb build/usbd_desc.o
 *fill*         0x0000000008010d7f        0x1 
 .rodata.USBD_FS_InterfaceStrDescriptor.str1.4
                0x0000000008010d80        0xe build/usbd_desc.o
 *fill*         0x0000000008010d8e        0x2 
 .rodata.USBD_FS_ManufacturerStrDescriptor.str1.4
                0x0000000008010d90        0x9 build/usbd_desc.o
 *fill*         0x0000000008010d99        0x3 